Archive member included to satisfy reference by file (symbol)

libbb/lib.a(appletlib.o)      /usr/lib/gcc-cross/aarch64-linux-gnu/13/../../../../aarch64-linux-gnu/lib/../lib/Scrt1.o (main)
libbb/lib.a(compare_string_array.o)
                              libbb/lib.a(appletlib.o) (is_prefixed_with)
libbb/lib.a(concat_path_file.o)
                              libbb/lib.a(appletlib.o) (concat_path_file)
libbb/lib.a(default_error_retval.o)
                              libbb/lib.a(appletlib.o) (xfunc_error_retval)
libbb/lib.a(get_last_path_component.o)
                              libbb/lib.a(appletlib.o) (bb_basename)
libbb/lib.a(last_char_is.o)   libbb/lib.a(concat_path_file.o) (last_char_is)
libbb/lib.a(llist.o)          libbb/lib.a(appletlib.o) (llist_free)
libbb/lib.a(messages.o)       libbb/lib.a(appletlib.o) (bb_busybox_exec_path)
libbb/lib.a(perror_msg.o)     libbb/lib.a(appletlib.o) (bb_simple_perror_msg)
libbb/lib.a(ptr_to_globals.o)
                              libbb/lib.a(appletlib.o) (bb_errno)
libbb/lib.a(skip_whitespace.o)
                              libbb/lib.a(appletlib.o) (skip_whitespace)
libbb/lib.a(verror_msg.o)     libbb/lib.a(perror_msg.o) (bb_verror_msg)
libbb/lib.a(wfopen.o)         libbb/lib.a(appletlib.o) (fopen_for_read)
libbb/lib.a(xfunc_die.o)      libbb/lib.a(appletlib.o) (xfunc_die)
libbb/lib.a(xfuncs.o)         libbb/lib.a(appletlib.o) (full_write1_str)
libbb/lib.a(xfuncs_printf.o)  libbb/lib.a(wfopen.o) (bb_die_memory_exhausted)
libbb/lib.a(xreadlink.o)      libbb/lib.a(appletlib.o) (xmalloc_readlink)
libbb/lib.a(copyfd.o)         libbb/lib.a(xfuncs_printf.o) (bb_copyfd_eof)
libbb/lib.a(full_write.o)     libbb/lib.a(verror_msg.o) (full_write)
libbb/lib.a(read.o)           libbb/lib.a(copyfd.o) (safe_read)
libbb/lib.a(safe_write.o)     libbb/lib.a(full_write.o) (safe_write)
libbb/lib.a(signals.o)        libbb/lib.a(xfuncs_printf.o) (kill_myself_with_sig)
libbb/lib.a(time.o)           libbb/lib.a(xfuncs_printf.o) (monotonic_us)
libbb/lib.a(xgetcwd.o)        libbb/lib.a(xreadlink.o) (xrealloc_getcwd_or_warn)
libbb/lib.a(bb_strtonum.o)    libbb/lib.a(time.o) (bb_strtoll)
libpwdgrp/lib.a(pwd_grp.o)    libbb/lib.a(appletlib.o) (bb_internal_getpwnam)
libpwdgrp/lib.a(uidgid_get.o)
                              libbb/lib.a(appletlib.o) (get_uidgid)
loginutils/lib.a(add-remove-shell.o)
                              libbb/lib.a(appletlib.o) (add_remove_shell_main)
loginutils/lib.a(addgroup.o)  libbb/lib.a(appletlib.o) (addgroup_main)
loginutils/lib.a(adduser.o)   libbb/lib.a(appletlib.o) (adduser_main)
loginutils/lib.a(chpasswd.o)  libbb/lib.a(appletlib.o) (chpasswd_main)
loginutils/lib.a(cryptpw.o)   libbb/lib.a(appletlib.o) (cryptpw_main)
loginutils/lib.a(deluser.o)   libbb/lib.a(appletlib.o) (deluser_main)
loginutils/lib.a(getty.o)     libbb/lib.a(appletlib.o) (getty_main)
loginutils/lib.a(login.o)     libbb/lib.a(appletlib.o) (login_main)
loginutils/lib.a(passwd.o)    libbb/lib.a(appletlib.o) (passwd_main)
loginutils/lib.a(su.o)        libbb/lib.a(appletlib.o) (su_main)
loginutils/lib.a(sulogin.o)   libbb/lib.a(appletlib.o) (sulogin_main)
loginutils/lib.a(vlock.o)     libbb/lib.a(appletlib.o) (vlock_main)
mailutils/lib.a(makemime.o)   libbb/lib.a(appletlib.o) (makemime_main)
mailutils/lib.a(popmaildir.o)
                              libbb/lib.a(appletlib.o) (popmaildir_main)
mailutils/lib.a(reformime.o)  libbb/lib.a(appletlib.o) (reformime_main)
mailutils/lib.a(sendmail.o)   libbb/lib.a(appletlib.o) (sendmail_main)
mailutils/lib.a(mail.o)       mailutils/lib.a(popmaildir.o) (launch_helper)
miscutils/lib.a(adjtimex.o)   libbb/lib.a(appletlib.o) (adjtimex_main)
miscutils/lib.a(ascii.o)      libbb/lib.a(appletlib.o) (ascii_main)
miscutils/lib.a(bc.o)         libbb/lib.a(appletlib.o) (bc_main)
miscutils/lib.a(beep.o)       libbb/lib.a(appletlib.o) (beep_main)
miscutils/lib.a(chat.o)       libbb/lib.a(appletlib.o) (chat_main)
miscutils/lib.a(conspy.o)     libbb/lib.a(appletlib.o) (conspy_main)
miscutils/lib.a(crond.o)      libbb/lib.a(appletlib.o) (crond_main)
miscutils/lib.a(crontab.o)    libbb/lib.a(appletlib.o) (crontab_main)
miscutils/lib.a(devmem.o)     libbb/lib.a(appletlib.o) (devmem_main)
miscutils/lib.a(fbsplash.o)   libbb/lib.a(appletlib.o) (fbsplash_main)
miscutils/lib.a(hdparm.o)     libbb/lib.a(appletlib.o) (hdparm_main)
miscutils/lib.a(hexedit.o)    libbb/lib.a(appletlib.o) (hexedit_main)
miscutils/lib.a(i2c_tools.o)  libbb/lib.a(appletlib.o) (i2cget_main)
miscutils/lib.a(less.o)       libbb/lib.a(appletlib.o) (less_main)
miscutils/lib.a(lsscsi.o)     libbb/lib.a(appletlib.o) (lsscsi_main)
miscutils/lib.a(makedevs.o)   libbb/lib.a(appletlib.o) (makedevs_main)
miscutils/lib.a(man.o)        libbb/lib.a(appletlib.o) (man_main)
miscutils/lib.a(microcom.o)   libbb/lib.a(appletlib.o) (microcom_main)
miscutils/lib.a(mt.o)         libbb/lib.a(appletlib.o) (mt_main)
miscutils/lib.a(nandwrite.o)  libbb/lib.a(appletlib.o) (nandwrite_main)
[...]
Memory Configuration

Name             Origin             Length             Attributes
*default*        0x0000000000000000 0xffffffffffffffff

Linker script and memory map

LOAD /usr/lib/gcc-cross/aarch64-linux-gnu/13/../../../../aarch64-linux-gnu/lib/../lib/Scrt1.o
LOAD /usr/lib/gcc-cross/aarch64-linux-gnu/13/../../../../aarch64-linux-gnu/lib/../lib/crti.o
LOAD /usr/lib/gcc-cross/aarch64-linux-gnu/13/crtbeginS.o
START GROUP
LOAD applets/built-in.o
LOAD archival/lib.a
LOAD archival/libarchive/lib.a
LOAD console-tools/lib.a
LOAD coreutils/lib.a
LOAD coreutils/libcoreutils/lib.a
LOAD debianutils/lib.a
LOAD klibc-utils/lib.a
LOAD e2fsprogs/lib.a
LOAD editors/lib.a
LOAD findutils/lib.a
LOAD init/lib.a
LOAD libbb/lib.a
LOAD libpwdgrp/lib.a
LOAD loginutils/lib.a
LOAD mailutils/lib.a
LOAD miscutils/lib.a
LOAD modutils/lib.a
LOAD networking/lib.a
LOAD networking/libiproute/lib.a
LOAD networking/udhcp/lib.a
LOAD printutils/lib.a
LOAD procps/lib.a
LOAD runit/lib.a
LOAD selinux/lib.a
LOAD shell/lib.a
LOAD sysklogd/lib.a
LOAD util-linux/lib.a
LOAD util-linux/volume_id/lib.a
LOAD archival/built-in.o
LOAD archival/libarchive/built-in.o
LOAD console-tools/built-in.o
LOAD coreutils/built-in.o
LOAD coreutils/libcoreutils/built-in.o
LOAD debianutils/built-in.o
LOAD klibc-utils/built-in.o
LOAD e2fsprogs/built-in.o
LOAD editors/built-in.o
LOAD findutils/built-in.o
LOAD init/built-in.o
LOAD libbb/built-in.o
LOAD libpwdgrp/built-in.o
LOAD loginutils/built-in.o
LOAD mailutils/built-in.o
LOAD miscutils/built-in.o
LOAD modutils/built-in.o
LOAD networking/built-in.o
LOAD networking/libiproute/built-in.o
LOAD networking/udhcp/built-in.o
LOAD printutils/built-in.o
LOAD procps/built-in.o
LOAD runit/built-in.o
LOAD selinux/built-in.o
LOAD shell/built-in.o
LOAD sysklogd/built-in.o
LOAD util-linux/built-in.o
LOAD util-linux/volume_id/built-in.o
END GROUP
START GROUP
LOAD /usr/lib/gcc-cross/aarch64-linux-gnu/13/../../../../aarch64-linux-gnu/lib/../lib/libm.so
START GROUP
LOAD /usr/aarch64-linux-gnu/lib/libm.so.6
LOAD /usr/aarch64-linux-gnu/lib/libmvec.so.1
END GROUP
LOAD /usr/lib/gcc-cross/aarch64-linux-gnu/13/../../../../aarch64-linux-gnu/lib/../lib/libresolv.so
END GROUP
LOAD /usr/lib/gcc-cross/aarch64-linux-gnu/13/libgcc.a
LOAD /usr/lib/gcc-cross/aarch64-linux-gnu/13/libgcc_eh.a
LOAD /usr/lib/gcc-cross/aarch64-linux-gnu/13/../../../../aarch64-linux-gnu/lib/../lib/libc.so
START GROUP
LOAD /usr/aarch64-linux-gnu/lib/libc.so.6
LOAD /usr/aarch64-linux-gnu/lib/libc_nonshared.a
LOAD /usr/aarch64-linux-gnu/lib/ld-linux-aarch64.so.1
END GROUP
LOAD /usr/lib/gcc-cross/aarch64-linux-gnu/13/libgcc.a
LOAD /usr/lib/gcc-cross/aarch64-linux-gnu/13/libgcc_eh.a
LOAD /usr/lib/gcc-cross/aarch64-linux-gnu/13/crtendS.o
LOAD /usr/lib/gcc-cross/aarch64-linux-gnu/13/../../../../aarch64-linux-gnu/lib/../lib/crtn.o
                [!provide]                        PROVIDE (__executable_start = SEGMENT_START ("text-segment", 0x0))
                0x0000000000000238                . = (SEGMENT_START ("text-segment", 0x0) + SIZEOF_HEADERS)

.interp         0x0000000000000238       0x1b
 *(SORT_BY_ALIGNMENT(.interp))
 .interp        0x0000000000000238       0x1b /usr/lib/gcc-cross/aarch64-linux-gnu/13/../../../../aarch64-linux-gnu/lib/../lib/Scrt1.o

.note.gnu.build-id
                0x0000000000000254       0x24
 *(SORT_BY_ALIGNMENT(.note.gnu.build-id))
 .note.gnu.build-id
                0x0000000000000254       0x24 /usr/lib/gcc-cross/aarch64-linux-gnu/13/../../../../aarch64-linux-gnu/lib/../lib/Scrt1.o

.note.ABI-tag   0x0000000000000278       0x20
 .note.ABI-tag  0x0000000000000278       0x20 /usr/lib/gcc-cross/aarch64-linux-gnu/13/../../../../aarch64-linux-gnu/lib/../lib/Scrt1.o

.hash
 *(SORT_BY_ALIGNMENT(.hash))

.gnu.hash       0x0000000000000298       0x1c
 *(SORT_BY_ALIGNMENT(.gnu.hash))
 .gnu.hash      0x0000000000000298       0x1c /usr/lib/gcc-cross/aarch64-linux-gnu/13/../../../../aarch64-linux-gnu/lib/../lib/Scrt1.o

.dynsym         0x00000000000002b8     0x2730
 *(SORT_BY_ALIGNMENT(.dynsym))
 .dynsym        0x00000000000002b8     0x2730 /usr/lib/gcc-cross/aarch64-linux-gnu/13/../../../../aarch64-linux-gnu/lib/../lib/Scrt1.o

.dynstr         0x00000000000029e8      0xf4e
 *(SORT_BY_ALIGNMENT(.dynstr))
 .dynstr        0x00000000000029e8      0xf4e /usr/lib/gcc-cross/aarch64-linux-gnu/13/../../../../aarch64-linux-gnu/lib/../lib/Scrt1.o

.gnu.version    0x0000000000003936      0x344
 *(SORT_BY_ALIGNMENT(.gnu.version))
 .gnu.version   0x0000000000003936      0x344 /usr/lib/gcc-cross/aarch64-linux-gnu/13/../../../../aarch64-linux-gnu/lib/../lib/Scrt1.o

.gnu.version_d  0x0000000000003c80        0x0
 *(SORT_BY_ALIGNMENT(.gnu.version_d))
 .gnu.version_d
                0x0000000000003c80        0x0 /usr/lib/gcc-cross/aarch64-linux-gnu/13/../../../../aarch64-linux-gnu/lib/../lib/Scrt1.o

.gnu.version_r  0x0000000000003c80       0xf0
 *(SORT_BY_ALIGNMENT(.gnu.version_r))
 .gnu.version_r
                0x0000000000003c80       0xf0 /usr/lib/gcc-cross/aarch64-linux-gnu/13/../../../../aarch64-linux-gnu/lib/../lib/Scrt1.o

.rela.dyn       0x0000000000003d70     0x7ba8
 *(SORT_BY_ALIGNMENT(.rela.init))
 *(SORT_BY_ALIGNMENT(.rela.text) SORT_BY_ALIGNMENT(.rela.text.*) SORT_BY_ALIGNMENT(.rela.gnu.linkonce.t.*))
 *(SORT_BY_ALIGNMENT(.rela.fini))
 *(SORT_BY_ALIGNMENT(.rela.rodata) SORT_BY_ALIGNMENT(.rela.rodata.*) SORT_BY_ALIGNMENT(.rela.gnu.linkonce.r.*))
 *(SORT_BY_ALIGNMENT(.rela.data) SORT_BY_ALIGNMENT(.rela.data.*) SORT_BY_ALIGNMENT(.rela.gnu.linkonce.d.*))
 .rela.data.rel.ro
                0x0000000000003d70        0x0 /usr/lib/gcc-cross/aarch64-linux-gnu/13/../../../../aarch64-linux-gnu/lib/../lib/Scrt1.o
 .rela.data.rel.local
                0x0000000000003d70       0x18 /usr/lib/gcc-cross/aarch64-linux-gnu/13/../../../../aarch64-linux-gnu/lib/../lib/Scrt1.o
 .rela.data.rel.ro.local.install_dir
                0x0000000000003d88       0x78 /usr/lib/gcc-cross/aarch64-linux-gnu/13/../../../../aarch64-linux-gnu/lib/../lib/Scrt1.o
 .rela.data.rel.ro.applet_main
                0x0000000000003e00     0x2598 /usr/lib/gcc-cross/aarch64-linux-gnu/13/../../../../aarch64-linux-gnu/lib/../lib/Scrt1.o
 .rela.data.rel.local.msg_eol
                0x0000000000006398       0x18 /usr/lib/gcc-cross/aarch64-linux-gnu/13/../../../../aarch64-linux-gnu/lib/../lib/Scrt1.o
 .rela.data.rel.ro.local.const_sp_db
                0x00000000000063b0       0x18 /usr/lib/gcc-cross/aarch64-linux-gnu/13/../../../../aarch64-linux-gnu/lib/../lib/Scrt1.o
 .rela.data.rel.ro.local.const_gr_db
                0x00000000000063c8       0x18 /usr/lib/gcc-cross/aarch64-linux-gnu/13/../../../../aarch64-linux-gnu/lib/../lib/Scrt1.o
 .rela.data.rel.ro.local.const_pw_db
                0x00000000000063e0       0x18 /usr/lib/gcc-cross/aarch64-linux-gnu/13/../../../../aarch64-linux-gnu/lib/../lib/Scrt1.o
 .rela.data.rel.ro.local.msg.2
                0x00000000000063f8       0x48 /usr/lib/gcc-cross/aarch64-linux-gnu/13/../../../../aarch64-linux-gnu/lib/../lib/Scrt1.o
 .rela.data.rel.ro.local.zxc_program_ops
                0x0000000000006440       0x90 /usr/lib/gcc-cross/aarch64-linux-gnu/13/../../../../aarch64-linux-gnu/lib/../lib/Scrt1.o
 .rela.data.rel.ro.local.SpecAry.0
                0x00000000000064d0       0xc0 /usr/lib/gcc-cross/aarch64-linux-gnu/13/../../../../aarch64-linux-gnu/lib/../lib/Scrt1.o
 .rela.data.rel.ro.local.ultra_modes2.0
                0x0000000000006590       0x18 /usr/lib/gcc-cross/aarch64-linux-gnu/13/../../../../aarch64-linux-gnu/lib/../lib/Scrt1.o
 .rela.data.rel.ro.local.ultra_modes1.1
                0x00000000000065a8       0x18 /usr/lib/gcc-cross/aarch64-linux-gnu/13/../../../../aarch64-linux-gnu/lib/../lib/Scrt1.o
 .rela.data.rel.ro.local.pio_modes.3
                0x00000000000065c0       0x18 /usr/lib/gcc-cross/aarch64-linux-gnu/13/../../../../aarch64-linux-gnu/lib/../lib/Scrt1.o
 .rela.data.rel.ro.local.i2c_funcs_tab
                0x00000000000065d8      0x168 /usr/lib/gcc-cross/aarch64-linux-gnu/13/../../../../aarch64-linux-gnu/lib/../lib/Scrt1.o
 .rela.data.rel.ro.local.adap_descs
                0x0000000000006740       0xc0 /usr/lib/gcc-cross/aarch64-linux-gnu/13/../../../../aarch64-linux-gnu/lib/../lib/Scrt1.o
 .rela.data.rel.ro.local.mpl.0
                0x0000000000006800       0x30 /usr/lib/gcc-cross/aarch64-linux-gnu/13/../../../../aarch64-linux-gnu/lib/../lib/Scrt1.o
 .rela.data.rel.ro.local.shortcuts
                0x0000000000006830      0x138 /usr/lib/gcc-cross/aarch64-linux-gnu/13/../../../../aarch64-linux-gnu/lib/../lib/Scrt1.o
 .rela.data.rel.ro.local.http_response
                0x0000000000006968      0x1e0 /usr/lib/gcc-cross/aarch64-linux-gnu/13/../../../../aarch64-linux-gnu/lib/../lib/Scrt1.o
 .rela.data.rel.ro.local.OptArray
                0x0000000000006b48      0x228 /usr/lib/gcc-cross/aarch64-linux-gnu/13/../../../../aarch64-linux-gnu/lib/../lib/Scrt1.o
 .rela.data.rel.ro.local.Arg1Opt
                0x0000000000006d70      0x180 /usr/lib/gcc-cross/aarch64-linux-gnu/13/../../../../aarch64-linux-gnu/lib/../lib/Scrt1.o
 .rela.data.rel.ro.local.method_table
                0x0000000000006ef0       0xf0 /usr/lib/gcc-cross/aarch64-linux-gnu/13/../../../../aarch64-linux-gnu/lib/../lib/Scrt1.o
 .rela.data.rel.ro.local.addr_fams.0
                0x0000000000006fe0       0x48 /usr/lib/gcc-cross/aarch64-linux-gnu/13/../../../../aarch64-linux-gnu/lib/../lib/Scrt1.o
 .rela.data.rel.ro.local.addr_link
                0x0000000000007028       0x30 /usr/lib/gcc-cross/aarch64-linux-gnu/13/../../../../aarch64-linux-gnu/lib/../lib/Scrt1.o
 .rela.data.rel.ro.local.link_methods
                0x0000000000007058       0x48 /usr/lib/gcc-cross/aarch64-linux-gnu/13/../../../../aarch64-linux-gnu/lib/../lib/Scrt1.o
 .rela.data.rel.ro.local.addr_inet
                0x00000000000070a0       0x30 /usr/lib/gcc-cross/aarch64-linux-gnu/13/../../../../aarch64-linux-gnu/lib/../lib/Scrt1.o
 .rela.data.rel.ro.local.methods
                0x00000000000070d0      0x1f8 /usr/lib/gcc-cross/aarch64-linux-gnu/13/../../../../aarch64-linux-gnu/lib/../lib/Scrt1.o
 .rela.data.rel.ro.local.addr_inet6
                0x00000000000072c8       0x30 /usr/lib/gcc-cross/aarch64-linux-gnu/13/../../../../aarch64-linux-gnu/lib/../lib/Scrt1.o
 .rela.data.rel.ro.local.methods6
                0x00000000000072f8      0x120 /usr/lib/gcc-cross/aarch64-linux-gnu/13/../../../../aarch64-linux-gnu/lib/../lib/Scrt1.o
 .rela.data.rel.ro.local.builtins
                0x0000000000007418       0xf0 /usr/lib/gcc-cross/aarch64-linux-gnu/13/../../../../aarch64-linux-gnu/lib/../lib/Scrt1.o
 .rela.data.rel.ro.local.if_port_text
                0x0000000000007508       0xa8 /usr/lib/gcc-cross/aarch64-linux-gnu/13/../../../../aarch64-linux-gnu/lib/../lib/Scrt1.o
 .rela.data.rel.ro.local.hwtypes
                0x00000000000075b0       0x90 /usr/lib/gcc-cross/aarch64-linux-gnu/13/../../../../aarch64-linux-gnu/lib/../lib/Scrt1.o
 .rela.data.rel.ro.local.ib_hwtype
                0x0000000000007640       0x60 /usr/lib/gcc-cross/aarch64-linux-gnu/13/../../../../aarch64-linux-gnu/lib/../lib/Scrt1.o
 .rela.data.rel.ro.local.sit_hwtype
                0x00000000000076a0       0x48 /usr/lib/gcc-cross/aarch64-linux-gnu/13/../../../../aarch64-linux-gnu/lib/../lib/Scrt1.o
 .rela.data.rel.ro.local.ppp_hwtype
                0x00000000000076e8       0x30 /usr/lib/gcc-cross/aarch64-linux-gnu/13/../../../../aarch64-linux-gnu/lib/../lib/Scrt1.o
 .rela.data.rel.ro.local.ether_hwtype
                0x0000000000007718       0x60 /usr/lib/gcc-cross/aarch64-linux-gnu/13/../../../../aarch64-linux-gnu/lib/../lib/Scrt1.o
 .rela.data.rel.ro.local.loop_hwtype
                0x0000000000007778       0x30 /usr/lib/gcc-cross/aarch64-linux-gnu/13/../../../../aarch64-linux-gnu/lib/../lib/Scrt1.o
 .rela.data.rel.ro.local.unspec_hwtype
                0x00000000000077a8       0x48 /usr/lib/gcc-cross/aarch64-linux-gnu/13/../../../../aarch64-linux-gnu/lib/../lib/Scrt1.o
 .rela.data.rel.ro.local.ss_fmt
                0x00000000000077f0       0x48 /usr/lib/gcc-cross/aarch64-linux-gnu/13/../../../../aarch64-linux-gnu/lib/../lib/Scrt1.o
 .rela.data.rel.ro.local.aftypes
                0x0000000000007838       0x48 /usr/lib/gcc-cross/aarch64-linux-gnu/13/../../../../aarch64-linux-gnu/lib/../lib/Scrt1.o
 .rela.data.rel.ro.local.unspec_aftype
                0x0000000000007880       0x60 /usr/lib/gcc-cross/aarch64-linux-gnu/13/../../../../aarch64-linux-gnu/lib/../lib/Scrt1.o
 .rela.data.rel.ro.local.inet6_aftype
                0x00000000000078e0       0x60 /usr/lib/gcc-cross/aarch64-linux-gnu/13/../../../../aarch64-linux-gnu/lib/../lib/Scrt1.o
 .rela.data.rel.ro.local.inet_aftype
                0x0000000000007940       0x60 /usr/lib/gcc-cross/aarch64-linux-gnu/13/../../../../aarch64-linux-gnu/lib/../lib/Scrt1.o
 .rela.data.rel.ro.local.ip_func_ptrs.0
                0x00000000000079a0       0xd8 /usr/lib/gcc-cross/aarch64-linux-gnu/13/../../../../aarch64-linux-gnu/lib/../lib/Scrt1.o
 .rela.data.rel.ro.local.long_options.0
                0x0000000000007a78       0x60 /usr/lib/gcc-cross/aarch64-linux-gnu/13/../../../../aarch64-linux-gnu/lib/../lib/Scrt1.o
 .rela.data.rel.ro.local.tcp_state
                0x0000000000007ad8      0x120 /usr/lib/gcc-cross/aarch64-linux-gnu/13/../../../../aarch64-linux-gnu/lib/../lib/Scrt1.o
 .rela.data.rel.ro.local.rcodes
                0x0000000000007bf8      0x180 /usr/lib/gcc-cross/aarch64-linux-gnu/13/../../../../aarch64-linux-gnu/lib/../lib/Scrt1.o
 .rela.data.rel.ro.local.ttab.0
                0x0000000000007d78      0x1c8 /usr/lib/gcc-cross/aarch64-linux-gnu/13/../../../../aarch64-linux-gnu/lib/../lib/Scrt1.o
 .rela.data.rel.ro.local.ttab6.1
                0x0000000000007f40      0x168 /usr/lib/gcc-cross/aarch64-linux-gnu/13/../../../../aarch64-linux-gnu/lib/../lib/Scrt1.o
 .rela.data.rel.ro.local.init_tab.0
                0x00000000000080a8       0xf0 /usr/lib/gcc-cross/aarch64-linux-gnu/13/../../../../aarch64-linux-gnu/lib/../lib/Scrt1.o
 .rela.data.rel.ro.local.keywords
                0x0000000000008198      0x4c8 /usr/lib/gcc-cross/aarch64-linux-gnu/13/../../../../aarch64-linux-gnu/lib/../lib/Scrt1.o
 .rela.data.rel.ro.local.init_functions
                0x0000000000008660      0x120 /usr/lib/gcc-cross/aarch64-linux-gnu/13/../../../../aarch64-linux-gnu/lib/../lib/Scrt1.o
 .rela.data.rel.ro.local.proc_name
                0x0000000000008780       0x90 /usr/lib/gcc-cross/aarch64-linux-gnu/13/../../../../aarch64-linux-gnu/lib/../lib/Scrt1.o
 .rela.data.rel.ro.local.out_spec
                0x0000000000008810      0x330 /usr/lib/gcc-cross/aarch64-linux-gnu/13/../../../../aarch64-linux-gnu/lib/../lib/Scrt1.o
 .rela.data.rel.ro.local.null_bltin.2
                0x0000000000008b40       0x30 /usr/lib/gcc-cross/aarch64-linux-gnu/13/../../../../aarch64-linux-gnu/lib/../lib/Scrt1.o
 .rela.data.rel.ro.local.builtintab
                0x0000000000008b70      0x858 /usr/lib/gcc-cross/aarch64-linux-gnu/13/../../../../aarch64-linux-gnu/lib/../lib/Scrt1.o
 .rela.data.rel.ro.local.tokname_array
                0x00000000000093c8      0x2d0 /usr/lib/gcc-cross/aarch64-linux-gnu/13/../../../../aarch64-linux-gnu/lib/../lib/Scrt1.o
 .rela.data.rel.ro.local.varinit_data
                0x0000000000009698      0x1c8 /usr/lib/gcc-cross/aarch64-linux-gnu/13/../../../../aarch64-linux-gnu/lib/../lib/Scrt1.o
 .rela.data.rel.local.g_parsefile
                0x0000000000009860       0x18 /usr/lib/gcc-cross/aarch64-linux-gnu/13/../../../../aarch64-linux-gnu/lib/../lib/Scrt1.o
 .rela.data.rel.ro.local.optletters_optnames
                0x0000000000009878      0x198 /usr/lib/gcc-cross/aarch64-linux-gnu/13/../../../../aarch64-linux-gnu/lib/../lib/Scrt1.o
 .rela.data.rel.ro.local.encoded_dollar_at_argv.3
                0x0000000000009a10       0x18 /usr/lib/gcc-cross/aarch64-linux-gnu/13/../../../../aarch64-linux-gnu/lib/../lib/Scrt1.o
 .rela.data.rel.ro.local.bltins2
                0x0000000000009a28      0x120 /usr/lib/gcc-cross/aarch64-linux-gnu/13/../../../../aarch64-linux-gnu/lib/../lib/Scrt1.o
 .rela.data.rel.ro.local.bltins1
                0x0000000000009b48      0x810 /usr/lib/gcc-cross/aarch64-linux-gnu/13/../../../../aarch64-linux-gnu/lib/../lib/Scrt1.o
 .rela.data.rel.ro.local.init_data
                0x000000000000a358       0x18 /usr/lib/gcc-cross/aarch64-linux-gnu/13/../../../../aarch64-linux-gnu/lib/../lib/Scrt1.o
 .rela.data.rel.local.facilitynames
                0x000000000000a370      0x210 /usr/lib/gcc-cross/aarch64-linux-gnu/13/../../../../aarch64-linux-gnu/lib/../lib/Scrt1.o
 .rela.data.rel.local.prioritynames
                0x000000000000a580      0x120 /usr/lib/gcc-cross/aarch64-linux-gnu/13/../../../../aarch64-linux-gnu/lib/../lib/Scrt1.o
 .rela.data.rel.ro.local.f_act_tab
                0x000000000000a6a0       0x60 /usr/lib/gcc-cross/aarch64-linux-gnu/13/../../../../aarch64-linux-gnu/lib/../lib/Scrt1.o
 .rela.data.rel.ro.local.f_evt_tab
                0x000000000000a700       0xd8 /usr/lib/gcc-cross/aarch64-linux-gnu/13/../../../../aarch64-linux-gnu/lib/../lib/Scrt1.o
 .rela.data.rel.ro.local.i386_sys_types
                0x000000000000a7d8      0x4b0 /usr/lib/gcc-cross/aarch64-linux-gnu/13/../../../../aarch64-linux-gnu/lib/../lib/Scrt1.o
 .rela.data.rel.ro.local.add_strings
                0x000000000000ac88       0x78 /usr/lib/gcc-cross/aarch64-linux-gnu/13/../../../../aarch64-linux-gnu/lib/../lib/Scrt1.o
 .rela.data.rel.ro.local.fs2
                0x000000000000ad00      0x198 /usr/lib/gcc-cross/aarch64-linux-gnu/13/../../../../aarch64-linux-gnu/lib/../lib/Scrt1.o
 .rela.data.rel.ro.local.fs1
                0x000000000000ae98       0xa8 /usr/lib/gcc-cross/aarch64-linux-gnu/13/../../../../aarch64-linux-gnu/lib/../lib/Scrt1.o
 .rela.data.rel.ro.local.all_control_files
                0x000000000000af40       0xf0 /usr/lib/gcc-cross/aarch64-linux-gnu/13/../../../../aarch64-linux-gnu/lib/../lib/Scrt1.o
 .rela.data.rel.ro.local.tar_var
                0x000000000000b030       0xc0 /usr/lib/gcc-cross/aarch64-linux-gnu/13/../../../../aarch64-linux-gnu/lib/../lib/Scrt1.o
 .rela.data.rel.ro.local.args.0
                0x000000000000b0f0       0x30 /usr/lib/gcc-cross/aarch64-linux-gnu/13/../../../../aarch64-linux-gnu/lib/../lib/Scrt1.o
 .rela.data.rel.ro.local.doux_bytes_to_XXX.5
                0x000000000000b120       0x60 /usr/lib/gcc-cross/aarch64-linux-gnu/13/../../../../aarch64-linux-gnu/lib/../lib/Scrt1.o
 .rela.data.rel.ro.local.capabilities
                0x000000000000b180      0x390 /usr/lib/gcc-cross/aarch64-linux-gnu/13/../../../../aarch64-linux-gnu/lib/../lib/Scrt1.o
 .rela.data.rel.ro.local.console_names.0
                0x000000000000b510       0x48 /usr/lib/gcc-cross/aarch64-linux-gnu/13/../../../../aarch64-linux-gnu/lib/../lib/Scrt1.o
 .rela.data.rel.ro.local.bb_argv_dash
                0x000000000000b558       0x18 /usr/lib/gcc-cross/aarch64-linux-gnu/13/../../../../aarch64-linux-gnu/lib/../lib/Scrt1.o
 *(SORT_BY_ALIGNMENT(.rela.tdata) SORT_BY_ALIGNMENT(.rela.tdata.*) SORT_BY_ALIGNMENT(.rela.gnu.linkonce.td.*))
 *(SORT_BY_ALIGNMENT(.rela.tbss) SORT_BY_ALIGNMENT(.rela.tbss.*) SORT_BY_ALIGNMENT(.rela.gnu.linkonce.tb.*))
 *(SORT_BY_ALIGNMENT(.rela.ctors))
 *(SORT_BY_ALIGNMENT(.rela.dtors))
 *(SORT_BY_ALIGNMENT(.rela.got))
 .rela.got      0x000000000000b570      0x378 /usr/lib/gcc-cross/aarch64-linux-gnu/13/../../../../aarch64-linux-gnu/lib/../lib/Scrt1.o
 *(SORT_BY_ALIGNMENT(.rela.bss) SORT_BY_ALIGNMENT(.rela.bss.*) SORT_BY_ALIGNMENT(.rela.gnu.linkonce.b.*))
 .rela.bss      0x000000000000b8e8        0x0 /usr/lib/gcc-cross/aarch64-linux-gnu/13/../../../../aarch64-linux-gnu/lib/../lib/Scrt1.o
 *(SORT_BY_ALIGNMENT(.rela.ifunc))
 .rela.ifunc    0x000000000000b8e8        0x0 /usr/lib/gcc-cross/aarch64-linux-gnu/13/../../../../aarch64-linux-gnu/lib/../lib/Scrt1.o
 .rela.fini_array
                0x000000000000b8e8       0x18 /usr/lib/gcc-cross/aarch64-linux-gnu/13/../../../../aarch64-linux-gnu/lib/../lib/Scrt1.o
 .rela.init_array
                0x000000000000b900       0x18 /usr/lib/gcc-cross/aarch64-linux-gnu/13/../../../../aarch64-linux-gnu/lib/../lib/Scrt1.o

.rela.plt       0x000000000000b918     0x2550
 *(SORT_BY_ALIGNMENT(.rela.plt))
 .rela.plt      0x000000000000b918     0x2550 /usr/lib/gcc-cross/aarch64-linux-gnu/13/../../../../aarch64-linux-gnu/lib/../lib/Scrt1.o
 *(SORT_BY_ALIGNMENT(.rela.iplt))

.init           0x000000000000de68       0x18
 *(SORT_NONE(.init))
 .init          0x000000000000de68       0x10 /usr/lib/gcc-cross/aarch64-linux-gnu/13/../../../../aarch64-linux-gnu/lib/../lib/crti.o
                0x000000000000de68                _init
 .init          0x000000000000de78        0x8 /usr/lib/gcc-cross/aarch64-linux-gnu/13/../../../../aarch64-linux-gnu/lib/../lib/crtn.o

.plt            0x000000000000de80     0x1900
 *(SORT_BY_ALIGNMENT(.plt))
 .plt           0x000000000000de80     0x1900 /usr/lib/gcc-cross/aarch64-linux-gnu/13/../../../../aarch64-linux-gnu/lib/../lib/Scrt1.o
 *(SORT_BY_ALIGNMENT(.iplt))

.text           0x000000000000f780    0xdf690
 *(SORT_BY_ALIGNMENT(.text.unlikely) SORT_BY_ALIGNMENT(.text.*_unlikely) SORT_BY_ALIGNMENT(.text.unlikely.*))
 *(SORT_BY_ALIGNMENT(.text.exit) SORT_BY_ALIGNMENT(.text.exit.*))
 *(SORT_BY_ALIGNMENT(.text.startup) SORT_BY_ALIGNMENT(.text.startup.*))
 *(SORT_BY_ALIGNMENT(.text.hot) SORT_BY_ALIGNMENT(.text.hot.*))
 *(SORT_BY_NAME(SORT_BY_ALIGNMENT(.text.sorted.*)))
 *(SORT_BY_ALIGNMENT(.text) SORT_BY_ALIGNMENT(.stub) SORT_BY_ALIGNMENT(.text.*) SORT_BY_ALIGNMENT(.gnu.linkonce.t.*))
 .text          0x000000000000f780       0x34 /usr/lib/gcc-cross/aarch64-linux-gnu/13/../../../../aarch64-linux-gnu/lib/../lib/Scrt1.o
                0x000000000000f780                _start
 *fill*         0x000000000000f7b4        0xc 1f2003d5
 .text          0x000000000000f7c0       0xc8 /usr/lib/gcc-cross/aarch64-linux-gnu/13/crtbeginS.o
 .text          0x000000000000f888       0x14 /usr/lib/gcc-cross/aarch64-linux-gnu/13/../../../../aarch64-linux-gnu/lib/../lib/crti.o
 .text.get_trimmed_slice
                0x000000000000f89c       0x34 libbb/lib.a(appletlib.o)
 .text.string_array_len
                0x000000000000f8d0       0x20 libbb/lib.a(appletlib.o)
                0x000000000000f8d0                string_array_len
 .text.find_applet_by_name
                0x000000000000f8f0       0xa8 libbb/lib.a(appletlib.o)
                0x000000000000f8f0                find_applet_by_name
 .text.bb_show_usage
                0x000000000000f998       0xc8 libbb/lib.a(appletlib.o)
                0x000000000000f998                bb_show_usage
 .text.find_script_by_name
                0x000000000000fa60       0x38 libbb/lib.a(appletlib.o)
 .text.scripted_main
                0x000000000000fa98       0x34 libbb/lib.a(appletlib.o)
                0x000000000000fa98                scripted_main
 .text.parse_config_file
                0x000000000000facc      0x32c libbb/lib.a(appletlib.o)
 .text.lbb_prepare
                0x000000000000fdf8       0x24 libbb/lib.a(appletlib.o)
                0x000000000000fdf8                lbb_prepare
 .text.get_script_content
                0x000000000000fe1c       0x3c libbb/lib.a(appletlib.o)
                0x000000000000fe1c                get_script_content
 .text.show_usage_if_dash_dash_help
                0x000000000000fe58       0x64 libbb/lib.a(appletlib.o)
                0x000000000000fe58                show_usage_if_dash_dash_help
 .text.run_applet_no_and_exit
                0x000000000000febc      0x1c0 libbb/lib.a(appletlib.o)
                0x000000000000febc                run_applet_no_and_exit
 .text.run_applet_and_exit
                0x000000000001007c      0x3a4 libbb/lib.a(appletlib.o)
 .text.main     0x0000000000010420       0x68 libbb/lib.a(appletlib.o)
                0x0000000000010420                main
 .text.is_prefixed_with
                0x0000000000010488       0x30 libbb/lib.a(compare_string_array.o)
                0x0000000000010488                is_prefixed_with
 .text.is_suffixed_with
                0x00000000000104b8       0x5c libbb/lib.a(compare_string_array.o)
                0x00000000000104b8                is_suffixed_with
 .text.index_in_strings
                0x0000000000010514       0x4c libbb/lib.a(compare_string_array.o)
                0x0000000000010514                index_in_strings
 .text.index_in_substrings
                0x0000000000010560       0x94 libbb/lib.a(compare_string_array.o)
                0x0000000000010560                index_in_substrings
 .text.nth_string
                0x00000000000105f4       0x20 libbb/lib.a(compare_string_array.o)
                0x00000000000105f4                nth_string
 .text.concat_path_file
                0x0000000000010614       0x74 libbb/lib.a(concat_path_file.o)
                0x0000000000010614                concat_path_file
 .text.bb_basename
                0x0000000000010688       0x24 libbb/lib.a(get_last_path_component.o)
                0x0000000000010688                bb_basename
 .text.bb_get_last_path_component_nostrip
                0x00000000000106ac       0x38 libbb/lib.a(get_last_path_component.o)
                0x00000000000106ac                bb_get_last_path_component_nostrip
 .text.bb_get_last_path_component_strip
                0x00000000000106e4       0x3c libbb/lib.a(get_last_path_component.o)
                0x00000000000106e4                bb_get_last_path_component_strip
 .text.last_char_is
                0x0000000000010720       0x30 libbb/lib.a(last_char_is.o)
                0x0000000000010720                last_char_is
 .text.llist_add_to
                0x0000000000010750       0x30 libbb/lib.a(llist.o)
                0x0000000000010750                llist_add_to
 .text.llist_add_to_end
                0x0000000000010780       0x3c libbb/lib.a(llist.o)
                0x0000000000010780                llist_add_to_end
 .text.llist_pop
                0x00000000000107bc       0x2c libbb/lib.a(llist.o)
                0x00000000000107bc                llist_pop
 .text.llist_unlink
                0x00000000000107e8       0x28 libbb/lib.a(llist.o)
                0x00000000000107e8                llist_unlink
 .text.llist_free
                0x0000000000010810       0x3c libbb/lib.a(llist.o)
                0x0000000000010810                llist_free
 .text.llist_rev
                0x000000000001084c       0x24 libbb/lib.a(llist.o)
                0x000000000001084c                llist_rev
 .text.llist_find_str
                0x0000000000010870       0x3c libbb/lib.a(llist.o)
                0x0000000000010870                llist_find_str
 .text.bb_perror_msg
                0x00000000000108ac       0xd8 libbb/lib.a(perror_msg.o)
                0x00000000000108ac                bb_perror_msg
 .text.bb_perror_msg_and_die
                0x0000000000010984       0xb0 libbb/lib.a(perror_msg.o)
                0x0000000000010984                bb_perror_msg_and_die
 .text.bb_simple_perror_msg
                0x0000000000010a34       0x10 libbb/lib.a(perror_msg.o)
                0x0000000000010a34                bb_simple_perror_msg
 .text.bb_simple_perror_msg_and_die
                0x0000000000010a44       0x14 libbb/lib.a(perror_msg.o)
                0x0000000000010a44                bb_simple_perror_msg_and_die
 .text.skip_whitespace
                0x0000000000010a58       0x24 libbb/lib.a(skip_whitespace.o)
                0x0000000000010a58                skip_whitespace
 .text.skip_non_whitespace
                0x0000000000010a7c       0x28 libbb/lib.a(skip_whitespace.o)
                0x0000000000010a7c                skip_non_whitespace
 .text.skip_dev_pfx
                0x0000000000010aa4       0x24 libbb/lib.a(skip_whitespace.o)
                0x0000000000010aa4                skip_dev_pfx
 .text.bb_verror_msg
                0x0000000000010ac8      0x2a8 libbb/lib.a(verror_msg.o)
                0x0000000000010ac8                bb_verror_msg
 .text.bb_error_msg_and_die
                0x0000000000010d70       0x88 libbb/lib.a(verror_msg.o)
                0x0000000000010d70                bb_error_msg_and_die
 .text.bb_error_msg
                0x0000000000010df8       0xb0 libbb/lib.a(verror_msg.o)
                0x0000000000010df8                bb_error_msg
 .text.bb_vinfo_msg
                0x0000000000010ea8       0x38 libbb/lib.a(verror_msg.o)
                0x0000000000010ea8                bb_vinfo_msg
 .text.bb_info_msg
                0x0000000000010ee0       0xac libbb/lib.a(verror_msg.o)
                0x0000000000010ee0                bb_info_msg
 .text.bb_simple_info_msg
                0x0000000000010f8c       0x10 libbb/lib.a(verror_msg.o)
                0x0000000000010f8c                bb_simple_info_msg
 .text.bb_simple_error_msg
                0x0000000000010f9c       0x10 libbb/lib.a(verror_msg.o)
                0x0000000000010f9c                bb_simple_error_msg
 .text.bb_simple_error_msg_and_die
                0x0000000000010fac       0x14 libbb/lib.a(verror_msg.o)
                0x0000000000010fac                bb_simple_error_msg_and_die
 .text.xfdopen_helper
                0x0000000000010fc0       0x34 libbb/lib.a(wfopen.o)
 .text.fopen_or_warn
                0x0000000000010ff4       0x30 libbb/lib.a(wfopen.o)
                0x0000000000010ff4                fopen_or_warn
 .text.fopen_for_read
                0x0000000000011024        0xc libbb/lib.a(wfopen.o)
                0x0000000000011024                fopen_for_read
 .text.xfopen_for_read
                0x0000000000011030        0xc libbb/lib.a(wfopen.o)
                0x0000000000011030                xfopen_for_read
 .text.fopen_for_write
                0x000000000001103c        0xc libbb/lib.a(wfopen.o)
                0x000000000001103c                fopen_for_write
 .text.xfopen_for_write
                0x0000000000011048        0xc libbb/lib.a(wfopen.o)
                0x0000000000011048                xfopen_for_write
 .text.xfdopen_for_read
                0x0000000000011054        0x8 libbb/lib.a(wfopen.o)
                0x0000000000011054                xfdopen_for_read
 .text.xfdopen_for_write
                0x000000000001105c        0xc libbb/lib.a(wfopen.o)
                0x000000000001105c                xfdopen_for_write
 .text.xfunc_die
                0x0000000000011068       0x20 libbb/lib.a(xfunc_die.o)
                0x0000000000011068                xfunc_die
 .text.ndelay_on
                0x0000000000011088       0x3c libbb/lib.a(xfuncs.o)
                0x0000000000011088                ndelay_on
 .text.ndelay_off
                0x00000000000110c4       0x3c libbb/lib.a(xfuncs.o)
                0x00000000000110c4                ndelay_off
 .text.close_on_exec_on
                0x0000000000011100        0xc libbb/lib.a(xfuncs.o)
                0x0000000000011100                close_on_exec_on
 .text.strncpy_IFNAMSIZ
                0x000000000001110c        0x8 libbb/lib.a(xfuncs.o)
                0x000000000001110c                strncpy_IFNAMSIZ
 .text.utoa_to_buf
                0x0000000000011114       0x64 libbb/lib.a(xfuncs.o)
                0x0000000000011114                utoa_to_buf
 .text.itoa_to_buf
                0x0000000000011178       0x24 libbb/lib.a(xfuncs.o)
                0x0000000000011178                itoa_to_buf
 .text.utoa     0x000000000001119c       0x28 libbb/lib.a(xfuncs.o)
                0x000000000001119c                utoa
 .text.itoa     0x00000000000111c4       0x28 libbb/lib.a(xfuncs.o)
                0x00000000000111c4                itoa
 .text.bin2hex  0x00000000000111ec       0x50 libbb/lib.a(xfuncs.o)
                0x00000000000111ec                bin2hex
 .text.hex2bin  0x000000000001123c       0xe8 libbb/lib.a(xfuncs.o)
                0x000000000001123c                hex2bin
 .text.bb_putchar_stderr
                0x0000000000011324       0x20 libbb/lib.a(xfuncs.o)
                0x0000000000011324                bb_putchar_stderr
 .text.full_write1_str
                0x0000000000011344       0x20 libbb/lib.a(xfuncs.o)
                0x0000000000011344                full_write1_str
 .text.full_write2_str
                0x0000000000011364       0x20 libbb/lib.a(xfuncs.o)
                0x0000000000011364                full_write2_str
 .text.get_terminal_width_height
                0x0000000000011384      0x180 libbb/lib.a(xfuncs.o)
                0x0000000000011384                get_terminal_width_height
 .text.get_terminal_width
                0x0000000000011504       0x54 libbb/lib.a(xfuncs.o)
                0x0000000000011504                get_terminal_width
 .text.is_TERM_dumb
                0x0000000000011558       0x3c libbb/lib.a(xfuncs.o)
                0x0000000000011558                is_TERM_dumb
 .text.tcsetattr_stdin_TCSANOW
                0x0000000000011594       0x10 libbb/lib.a(xfuncs.o)
                0x0000000000011594                tcsetattr_stdin_TCSANOW
 .text.get_termios_and_make_raw
                0x00000000000115a4       0xb8 libbb/lib.a(xfuncs.o)
                0x00000000000115a4                get_termios_and_make_raw
 .text.set_termios_to_raw
                0x000000000001165c       0x78 libbb/lib.a(xfuncs.o)
                0x000000000001165c                set_termios_to_raw
 .text.safe_waitpid
                0x00000000000116d4       0x54 libbb/lib.a(xfuncs.o)
                0x00000000000116d4                safe_waitpid
 .text.wait_any_nohang
                0x0000000000011728       0x10 libbb/lib.a(xfuncs.o)
                0x0000000000011728                wait_any_nohang
 .text.wait4pid
                0x0000000000011738       0x94 libbb/lib.a(xfuncs.o)
                0x0000000000011738                wait4pid
 .text.exit_SUCCESS
                0x00000000000117cc        0xc libbb/lib.a(xfuncs.o)
                0x00000000000117cc                exit_SUCCESS
 .text._exit_SUCCESS
                0x00000000000117d8        0xc libbb/lib.a(xfuncs.o)
                0x00000000000117d8                _exit_SUCCESS
 .text.bb_die_memory_exhausted
                0x00000000000117e4       0x10 libbb/lib.a(xfuncs_printf.o)
                0x00000000000117e4                bb_die_memory_exhausted
 .text.malloc_or_warn
                0x00000000000117f4       0x3c libbb/lib.a(xfuncs_printf.o)
                0x00000000000117f4                malloc_or_warn
 .text.xmalloc  0x0000000000011830       0x24 libbb/lib.a(xfuncs_printf.o)
                0x0000000000011830                xmalloc
 .text.xrealloc
                0x0000000000011854       0x24 libbb/lib.a(xfuncs_printf.o)
                0x0000000000011854                xrealloc
 .text.xzalloc  0x0000000000011878       0x30 libbb/lib.a(xfuncs_printf.o)
                0x0000000000011878                xzalloc
 .text.xstrdup  0x00000000000118a8       0x20 libbb/lib.a(xfuncs_printf.o)
                0x00000000000118a8                xstrdup
 .text.xstrndup
                0x00000000000118c8       0x18 libbb/lib.a(xfuncs_printf.o)
                0x00000000000118c8                xstrndup
 .text.xmemdup  0x00000000000118e0       0x2c libbb/lib.a(xfuncs_printf.o)
                0x00000000000118e0                xmemdup
 .text.mmap_read
                0x000000000001190c       0x18 libbb/lib.a(xfuncs_printf.o)
                0x000000000001190c                mmap_read
 .text.mmap_anon
                0x0000000000011924       0x1c libbb/lib.a(xfuncs_printf.o)
                0x0000000000011924                mmap_anon
 .text.xmmap_anon
                0x0000000000011940       0x1c libbb/lib.a(xfuncs_printf.o)
                0x0000000000011940                xmmap_anon
 .text.xfopen   0x000000000001195c       0x28 libbb/lib.a(xfuncs_printf.o)
                0x000000000001195c                xfopen
 .text.xopen3   0x0000000000011984       0x28 libbb/lib.a(xfuncs_printf.o)
                0x0000000000011984                xopen3
 .text.xopen    0x00000000000119ac        0x8 libbb/lib.a(xfuncs_printf.o)
                0x00000000000119ac                xopen
 .text.open3_or_warn
                0x00000000000119b4       0x38 libbb/lib.a(xfuncs_printf.o)
                0x00000000000119b4                open3_or_warn
 .text.open_or_warn
                0x00000000000119ec        0x8 libbb/lib.a(xfuncs_printf.o)
                0x00000000000119ec                open_or_warn
 .text.xopen_nonblocking
                0x00000000000119f4        0x8 libbb/lib.a(xfuncs_printf.o)
                0x00000000000119f4                xopen_nonblocking
 .text.xunlink  0x00000000000119fc       0x28 libbb/lib.a(xfuncs_printf.o)
                0x00000000000119fc                xunlink
 .text.xrename  0x0000000000011a24       0x38 libbb/lib.a(xfuncs_printf.o)
                0x0000000000011a24                xrename
 .text.rename_or_warn
                0x0000000000011a5c       0x40 libbb/lib.a(xfuncs_printf.o)
                0x0000000000011a5c                rename_or_warn
 .text.xpipe    0x0000000000011a9c       0x20 libbb/lib.a(xfuncs_printf.o)
                0x0000000000011a9c                xpipe
 .text.xdup2    0x0000000000011abc       0x28 libbb/lib.a(xfuncs_printf.o)
                0x0000000000011abc                xdup2
 .text.xmove_fd
                0x0000000000011ae4       0x24 libbb/lib.a(xfuncs_printf.o)
                0x0000000000011ae4                xmove_fd
 .text.xwrite   0x0000000000011b08       0x40 libbb/lib.a(xfuncs_printf.o)
                0x0000000000011b08                xwrite
 .text.xwrite_str
                0x0000000000011b48       0x30 libbb/lib.a(xfuncs_printf.o)
                0x0000000000011b48                xwrite_str
 .text.xclose   0x0000000000011b78       0x20 libbb/lib.a(xfuncs_printf.o)
                0x0000000000011b78                xclose
 .text.xlseek   0x0000000000011b98       0x3c libbb/lib.a(xfuncs_printf.o)
                0x0000000000011b98                xlseek
 .text.xmkstemp
                0x0000000000011bd4       0x28 libbb/lib.a(xfuncs_printf.o)
                0x0000000000011bd4                xmkstemp
 .text.die_if_ferror
                0x0000000000011bfc       0x28 libbb/lib.a(xfuncs_printf.o)
                0x0000000000011bfc                die_if_ferror
 .text.die_if_ferror_stdout
                0x0000000000011c24       0x18 libbb/lib.a(xfuncs_printf.o)
                0x0000000000011c24                die_if_ferror_stdout
 .text.fflush_all
                0x0000000000011c3c        0x8 libbb/lib.a(xfuncs_printf.o)
                0x0000000000011c3c                fflush_all
 .text.bb_putchar
                0x0000000000011c44        0x4 libbb/lib.a(xfuncs_printf.o)
                0x0000000000011c44                bb_putchar
 .text.fputs_stdout
                0x0000000000011c48       0x10 libbb/lib.a(xfuncs_printf.o)
                0x0000000000011c48                fputs_stdout
 .text.xprint_and_close_file
                0x0000000000011c58       0x34 libbb/lib.a(xfuncs_printf.o)
                0x0000000000011c58                xprint_and_close_file
 .text.xasprintf
                0x0000000000011c8c       0xcc libbb/lib.a(xfuncs_printf.o)
                0x0000000000011c8c                xasprintf
 .text.xsetenv  0x0000000000011d58       0x1c libbb/lib.a(xfuncs_printf.o)
                0x0000000000011d58                xsetenv
 .text.bb_unsetenv
                0x0000000000011d74       0xb4 libbb/lib.a(xfuncs_printf.o)
                0x0000000000011d74                bb_unsetenv
 .text.bb_unsetenv_and_free
                0x0000000000011e28       0x18 libbb/lib.a(xfuncs_printf.o)
                0x0000000000011e28                bb_unsetenv_and_free
 .text.xsetgid  0x0000000000011e40       0x20 libbb/lib.a(xfuncs_printf.o)
                0x0000000000011e40                xsetgid
 .text.xsetuid  0x0000000000011e60       0x20 libbb/lib.a(xfuncs_printf.o)
                0x0000000000011e60                xsetuid
 .text.xsetegid
                0x0000000000011e80       0x20 libbb/lib.a(xfuncs_printf.o)
                0x0000000000011e80                xsetegid
 .text.xseteuid
                0x0000000000011ea0       0x20 libbb/lib.a(xfuncs_printf.o)
                0x0000000000011ea0                xseteuid
 .text.xopen_as_uid_gid
                0x0000000000011ec0       0x78 libbb/lib.a(xfuncs_printf.o)
                0x0000000000011ec0                xopen_as_uid_gid
 .text.chdir_or_warn
                0x0000000000011f38       0x38 libbb/lib.a(xfuncs_printf.o)
                0x0000000000011f38                chdir_or_warn
 .text.xchdir   0x0000000000011f70       0x18 libbb/lib.a(xfuncs_printf.o)
                0x0000000000011f70                xchdir
 .text.xfchdir  0x0000000000011f88       0x20 libbb/lib.a(xfuncs_printf.o)
                0x0000000000011f88                xfchdir
 .text.xchroot  0x0000000000011fa8       0x30 libbb/lib.a(xfuncs_printf.o)
                0x0000000000011fa8                xchroot
 .text.warn_opendir
                0x0000000000011fd8       0x38 libbb/lib.a(xfuncs_printf.o)
                0x0000000000011fd8                warn_opendir
 .text.xopendir
                0x0000000000012010       0x28 libbb/lib.a(xfuncs_printf.o)
                0x0000000000012010                xopendir
 .text.xsocket  0x0000000000012038       0x20 libbb/lib.a(xfuncs_printf.o)
                0x0000000000012038                xsocket
 .text.xbind    0x0000000000012058       0x20 libbb/lib.a(xfuncs_printf.o)
                0x0000000000012058                xbind
 .text.xlisten  0x0000000000012078       0x20 libbb/lib.a(xfuncs_printf.o)
                0x0000000000012078                xlisten
 .text.xsendto  0x0000000000012098       0x2c libbb/lib.a(xfuncs_printf.o)
                0x0000000000012098                xsendto
 .text.xstat    0x00000000000120c4       0x28 libbb/lib.a(xfuncs_printf.o)
                0x00000000000120c4                xstat
 .text.xfstat   0x00000000000120ec       0x20 libbb/lib.a(xfuncs_printf.o)
                0x00000000000120ec                xfstat
 .text.ioctl_or_perror_and_die
                0x000000000001210c       0xd4 libbb/lib.a(xfuncs_printf.o)
                0x000000000001210c                ioctl_or_perror_and_die
 .text.ioctl_or_perror
                0x00000000000121e0       0xdc libbb/lib.a(xfuncs_printf.o)
                0x00000000000121e0                ioctl_or_perror
 .text.bb_ioctl_or_warn
                0x00000000000122bc       0x34 libbb/lib.a(xfuncs_printf.o)
                0x00000000000122bc                bb_ioctl_or_warn
 .text.bb_xioctl
                0x00000000000122f0       0x24 libbb/lib.a(xfuncs_printf.o)
                0x00000000000122f0                bb_xioctl
 .text.xmalloc_ttyname
                0x0000000000012314       0x70 libbb/lib.a(xfuncs_printf.o)
                0x0000000000012314                xmalloc_ttyname
 .text.generate_uuid
                0x0000000000012384       0x90 libbb/lib.a(xfuncs_printf.o)
                0x0000000000012384                generate_uuid
 .text.xfork    0x0000000000012414       0x20 libbb/lib.a(xfuncs_printf.o)
                0x0000000000012414                xfork
 .text.wait_for_exitstatus
                0x0000000000012434       0x64 libbb/lib.a(xfuncs_printf.o)
                0x0000000000012434                wait_for_exitstatus
 .text.xvfork_parent_waits_and_exits
                0x0000000000012498       0x54 libbb/lib.a(xfuncs_printf.o)
                0x0000000000012498                xvfork_parent_waits_and_exits
 .text.xsettimeofday
                0x00000000000124ec       0x24 libbb/lib.a(xfuncs_printf.o)
                0x00000000000124ec                xsettimeofday
 .text.xgettimeofday
                0x0000000000012510        0x8 libbb/lib.a(xfuncs_printf.o)
                0x0000000000012510                xgettimeofday
 .text.xmalloc_readlink
                0x0000000000012518       0x70 libbb/lib.a(xreadlink.o)
                0x0000000000012518                xmalloc_readlink
 .text.xmalloc_follow_symlinks
                0x0000000000012588       0xc8 libbb/lib.a(xreadlink.o)
                0x0000000000012588                xmalloc_follow_symlinks
 .text.xmalloc_readlink_or_warn
                0x0000000000012650       0x60 libbb/lib.a(xreadlink.o)
                0x0000000000012650                xmalloc_readlink_or_warn
 .text.xmalloc_realpath
                0x00000000000126b0        0x8 libbb/lib.a(xreadlink.o)
                0x00000000000126b0                xmalloc_realpath
 .text.xmalloc_realpath_coreutils
                0x00000000000126b8      0x18c libbb/lib.a(xreadlink.o)
                0x00000000000126b8                xmalloc_realpath_coreutils
 .text.bb_full_fd_action
                0x0000000000012844      0x190 libbb/lib.a(copyfd.o)
 .text.bb_copyfd_size
                0x00000000000129d4       0x10 libbb/lib.a(copyfd.o)
                0x00000000000129d4                bb_copyfd_size
 .text.bb_copyfd_exact_size
                0x00000000000129e4       0x3c libbb/lib.a(copyfd.o)
                0x00000000000129e4                bb_copyfd_exact_size
 .text.bb_copyfd_eof
                0x0000000000012a20        0x8 libbb/lib.a(copyfd.o)
                0x0000000000012a20                bb_copyfd_eof
 .text.full_write
                0x0000000000012a28       0x5c libbb/lib.a(full_write.o)
                0x0000000000012a28                full_write
 .text.safe_read
                0x0000000000012a84       0x58 libbb/lib.a(read.o)
                0x0000000000012a84                safe_read
 .text.full_read
                0x0000000000012adc       0x64 libbb/lib.a(read.o)
                0x0000000000012adc                full_read
 .text.read_close
                0x0000000000012b40       0x2c libbb/lib.a(read.o)
                0x0000000000012b40                read_close
 .text.open_read_close
                0x0000000000012b6c       0x40 libbb/lib.a(read.o)
                0x0000000000012b6c                open_read_close
 .text.safe_write
                0x0000000000012bac       0x58 libbb/lib.a(safe_write.o)
                0x0000000000012bac                safe_write
 .text.record_signo
                0x0000000000012c04        0xc libbb/lib.a(signals.o)
                0x0000000000012c04                record_signo
 .text.sigaction_set
                0x0000000000012c10        0x8 libbb/lib.a(signals.o)
                0x0000000000012c10                sigaction_set
 .text.sigprocmask_allsigs
                0x0000000000012c18       0x70 libbb/lib.a(signals.o)
                0x0000000000012c18                sigprocmask_allsigs
 .text.sigprocmask2
                0x0000000000012c88        0x8 libbb/lib.a(signals.o)
                0x0000000000012c88                sigprocmask2
 .text.bb_signals
                0x0000000000012c90       0x54 libbb/lib.a(signals.o)
                0x0000000000012c90                bb_signals
 .text.bb_signals_norestart
                0x0000000000012ce4       0xa4 libbb/lib.a(signals.o)
                0x0000000000012ce4                bb_signals_norestart
 .text.sig_block
                0x0000000000012d88       0x7c libbb/lib.a(signals.o)
                0x0000000000012d88                sig_block
 .text.sig_unblock
                0x0000000000012e04       0x7c libbb/lib.a(signals.o)
                0x0000000000012e04                sig_unblock
 .text.wait_for_any_sig
                0x0000000000012e80       0x60 libbb/lib.a(signals.o)
                0x0000000000012e80                wait_for_any_sig
 .text.kill_myself_with_sig
                0x0000000000012ee0       0x28 libbb/lib.a(signals.o)
                0x0000000000012ee0                kill_myself_with_sig
 .text.signal_SA_RESTART_empty_mask
                0x0000000000012f08       0x7c libbb/lib.a(signals.o)
                0x0000000000012f08                signal_SA_RESTART_empty_mask
 .text.signal_no_SA_RESTART_empty_mask
                0x0000000000012f84       0x74 libbb/lib.a(signals.o)
                0x0000000000012f84                signal_no_SA_RESTART_empty_mask
 .text.get_mono
                0x0000000000012ff8       0x28 libbb/lib.a(time.o)
 .text.parse_datestr
                0x0000000000013020      0x3b4 libbb/lib.a(time.o)
                0x0000000000013020                parse_datestr
 .text.validate_tm_time
                0x00000000000133d4       0x30 libbb/lib.a(time.o)
                0x00000000000133d4                validate_tm_time
 .text.strftime_HHMMSS
                0x0000000000013404       0x98 libbb/lib.a(time.o)
                0x0000000000013404                strftime_HHMMSS
 .text.strftime_YYYYMMDDHHMMSS
                0x000000000001349c       0x98 libbb/lib.a(time.o)
                0x000000000001349c                strftime_YYYYMMDDHHMMSS
 .text.monotonic_us
                0x0000000000013534       0x6c libbb/lib.a(time.o)
                0x0000000000013534                monotonic_us
 .text.monotonic_ms
                0x00000000000135a0       0x6c libbb/lib.a(time.o)
                0x00000000000135a0                monotonic_ms
 .text.monotonic_sec
                0x000000000001360c       0x54 libbb/lib.a(time.o)
                0x000000000001360c                monotonic_sec
 .text.xrealloc_getcwd_or_warn
                0x0000000000013660       0x94 libbb/lib.a(xgetcwd.o)
                0x0000000000013660                xrealloc_getcwd_or_warn
 .text.handle_errors.isra.0
                0x00000000000136f4       0x58 libbb/lib.a(bb_strtonum.o)
 .text.bb_strtoull
                0x000000000001374c       0xb0 libbb/lib.a(bb_strtonum.o)
                0x000000000001374c                bb_strtoull
 .text.bb_strtoll
                0x00000000000137fc       0xbc libbb/lib.a(bb_strtonum.o)
                0x00000000000137fc                bb_strtoll
 .text.bb_strtou
                0x00000000000138b8       0xc0 libbb/lib.a(bb_strtonum.o)
                0x00000000000138b8                bb_strtou
 .text.bb_strtoi
                0x0000000000013978       0xd8 libbb/lib.a(bb_strtonum.o)
                0x0000000000013978                bb_strtoi
 .text.get_S    0x0000000000013a50       0x58 libpwdgrp/lib.a(pwd_grp.o)
 .text.tokenize
                0x0000000000013aa8       0xc8 libpwdgrp/lib.a(pwd_grp.o)
 .text.parse_common
                0x0000000000013b70      0x13c libpwdgrp/lib.a(pwd_grp.o)
 .text.parse_file
                0x0000000000013cac       0x5c libpwdgrp/lib.a(pwd_grp.o)
 .text.convert_to_struct
                0x0000000000013d08      0x158 libpwdgrp/lib.a(pwd_grp.o)
 .text.massage_data_for_r_func
                0x0000000000013e60       0x90 libpwdgrp/lib.a(pwd_grp.o)
 .text.massage_data_for_non_r_func
                0x0000000000013ef0       0x7c libpwdgrp/lib.a(pwd_grp.o)
 .text.getXXnam
                0x0000000000013f6c       0x44 libpwdgrp/lib.a(pwd_grp.o)
 .text.getgrouplist_internal
                0x0000000000013fb0      0x144 libpwdgrp/lib.a(pwd_grp.o)
 .text.bb_internal_getspnam_r
                0x00000000000140f4       0x5c libpwdgrp/lib.a(pwd_grp.o)
                0x00000000000140f4                bb_internal_getspnam_r
 .text.bb_internal_getpwent
                0x0000000000014150       0x58 libpwdgrp/lib.a(pwd_grp.o)
                0x0000000000014150                bb_internal_getpwent
 .text.bb_internal_getpwnam
                0x00000000000141a8        0x8 libpwdgrp/lib.a(pwd_grp.o)
                0x00000000000141a8                bb_internal_getpwnam
 .text.bb_internal_getgrnam
                0x00000000000141b0        0x8 libpwdgrp/lib.a(pwd_grp.o)
                0x00000000000141b0                bb_internal_getgrnam
 .text.bb_internal_getpwuid
                0x00000000000141b8       0x14 libpwdgrp/lib.a(pwd_grp.o)
                0x00000000000141b8                bb_internal_getpwuid
 .text.bb_internal_getgrgid
                0x00000000000141cc       0x14 libpwdgrp/lib.a(pwd_grp.o)
                0x00000000000141cc                bb_internal_getgrgid
 .text.bb_internal_endpwent
                0x00000000000141e0       0x2c libpwdgrp/lib.a(pwd_grp.o)
                0x00000000000141e0                bb_internal_endpwent
 .text.bb_internal_setpwent
                0x000000000001420c       0x1c libpwdgrp/lib.a(pwd_grp.o)
                0x000000000001420c                bb_internal_setpwent
 .text.bb_internal_endgrent
                0x0000000000014228       0x2c libpwdgrp/lib.a(pwd_grp.o)
                0x0000000000014228                bb_internal_endgrent
 .text.bb_internal_initgroups
                0x0000000000014254       0x80 libpwdgrp/lib.a(pwd_grp.o)
                0x0000000000014254                bb_internal_initgroups
 .text.bb_internal_getgrouplist
                0x00000000000142d4       0x6c libpwdgrp/lib.a(pwd_grp.o)
                0x00000000000142d4                bb_internal_getgrouplist
 .text.get_uidgid
                0x0000000000014340      0x16c libpwdgrp/lib.a(uidgid_get.o)
                0x0000000000014340                get_uidgid
 .text.xget_uidgid
                0x00000000000144ac       0x28 libpwdgrp/lib.a(uidgid_get.o)
                0x00000000000144ac                xget_uidgid
 .text.parse_chown_usergroup_or_die
                0x00000000000144d4       0xa4 libpwdgrp/lib.a(uidgid_get.o)
                0x00000000000144d4                parse_chown_usergroup_or_die
 .text.add_remove_shell_main
                0x0000000000014578      0x1b4 loginutils/lib.a(add-remove-shell.o)
                0x0000000000014578                add_remove_shell_main
 .text.addgroup_main
                0x000000000001472c      0x23c loginutils/lib.a(addgroup.o)
                0x000000000001472c                addgroup_main
 .text.addgroup_wrapper
                0x0000000000014968       0xac loginutils/lib.a(adduser.o)
 .text.adduser_main
                0x0000000000014a14      0x3d4 loginutils/lib.a(adduser.o)
                0x0000000000014a14                adduser_main
 .text.chpasswd_main
                0x0000000000014de8      0x1e4 loginutils/lib.a(chpasswd.o)
                0x0000000000014de8                chpasswd_main
 .text.cryptpw_main
                0x0000000000014fcc      0x14c loginutils/lib.a(cryptpw.o)
                0x0000000000014fcc                cryptpw_main
 .text.deluser_main
                0x0000000000015118      0x210 loginutils/lib.a(deluser.o)
                0x0000000000015118                deluser_main
 .text.sleep10  0x0000000000015328        0x8 loginutils/lib.a(getty.o)
 .text.bcode    0x0000000000015330       0x24 loginutils/lib.a(getty.o)
 .text.set_tty_attrs
                0x0000000000015354       0x2c loginutils/lib.a(getty.o)
 .text.finalize_tty_attrs
                0x0000000000015380       0x70 loginutils/lib.a(getty.o)
 .text.alarm_handler
                0x00000000000153f0        0xc loginutils/lib.a(getty.o)
 .text.getty_main
                0x00000000000153fc      0x744 loginutils/lib.a(getty.o)
                0x00000000000153fc                getty_main
 .text.alarm_handler
                0x0000000000015b40       0x40 loginutils/lib.a(login.o)
 .text.login_main
                0x0000000000015b80      0x550 loginutils/lib.a(login.o)
                0x0000000000015b80                login_main
 .text.passwd_main
                0x00000000000160d0      0x458 loginutils/lib.a(passwd.o)
                0x00000000000160d0                passwd_main
 .text.su_main  0x0000000000016528      0x23c loginutils/lib.a(su.o)
                0x0000000000016528                su_main
 .text.sulogin_main
                0x0000000000016764      0x1dc loginutils/lib.a(sulogin.o)
                0x0000000000016764                sulogin_main
 .text.acquire_vt
                0x0000000000016940       0x10 loginutils/lib.a(vlock.o)
 .text.release_vt
                0x0000000000016950       0x1c loginutils/lib.a(vlock.o)
 .text.vlock_main
                0x000000000001696c      0x1c0 loginutils/lib.a(vlock.o)
                0x000000000001696c                vlock_main
 .text.makemime_main
                0x0000000000016b2c      0x1c8 mailutils/lib.a(makemime.o)
                0x0000000000016b2c                makemime_main
 .text.pop3_checkr
                0x0000000000016cf4       0xa4 mailutils/lib.a(popmaildir.o)
 .text.popmaildir_main
                0x0000000000016d98      0x414 mailutils/lib.a(popmaildir.o)
                0x0000000000016d98                popmaildir_main
 .text.find_token
                0x00000000000171ac       0x54 mailutils/lib.a(reformime.o)
 .text.parse    0x0000000000017200      0x4b4 mailutils/lib.a(reformime.o)
 .text.reformime_main
                0x00000000000176b4       0xd4 mailutils/lib.a(reformime.o)
                0x00000000000176b4                reformime_main
 .text.smtp_checkp
                0x0000000000017788       0xec mailutils/lib.a(sendmail.o)
 .text.rcptto   0x0000000000017874       0x48 mailutils/lib.a(sendmail.o)
 .text.smtp_check
                0x00000000000178bc        0xc mailutils/lib.a(sendmail.o)
 .text.sane_address
                0x00000000000178c8       0x80 mailutils/lib.a(sendmail.o)
 .text.angle_address
                0x0000000000017948       0x50 mailutils/lib.a(sendmail.o)
 .text.rcptto_list
                0x0000000000017998       0x98 mailutils/lib.a(sendmail.o)
 .text.sendmail_main
                0x0000000000017a30      0x61c mailutils/lib.a(sendmail.o)
                0x0000000000017a30                sendmail_main
 .text.signal_handler
                0x000000000001804c       0x8c mailutils/lib.a(mail.o)
 .text.encode_n_base64
                0x00000000000180d8      0x184 mailutils/lib.a(mail.o)
 .text.launch_helper
                0x000000000001825c      0x10c mailutils/lib.a(mail.o)
                0x000000000001825c                launch_helper
 .text.send_r_n
                0x0000000000018368       0x40 mailutils/lib.a(mail.o)
                0x0000000000018368                send_r_n
 .text.send_mail_command
                0x00000000000183a8       0x50 mailutils/lib.a(mail.o)
                0x00000000000183a8                send_mail_command
 .text.printstr_base64
                0x00000000000183f8       0x20 mailutils/lib.a(mail.o)
                0x00000000000183f8                printstr_base64
 .text.printbuf_base64
                0x0000000000018418       0x10 mailutils/lib.a(mail.o)
                0x0000000000018418                printbuf_base64
 .text.printfile_base64
                0x0000000000018428        0xc mailutils/lib.a(mail.o)
                0x0000000000018428                printfile_base64
 .text.get_cred_or_die
                0x0000000000018434       0x98 mailutils/lib.a(mail.o)
                0x0000000000018434                get_cred_or_die
 .text.adjtimex_main
                0x00000000000184cc      0x1fc miscutils/lib.a(adjtimex.o)
                0x00000000000184cc                adjtimex_main
 .text.ascii_main
                0x00000000000186c8      0x140 miscutils/lib.a(ascii.o)
                0x00000000000186c8                ascii_main
 .text.bc_vec_pop
                0x0000000000018808       0x2c miscutils/lib.a(bc.o)
 .text.bc_vec_npop
                0x0000000000018834       0x54 miscutils/lib.a(bc.o)
 .text.bc_vec_pop_all
                0x0000000000018888        0x8 miscutils/lib.a(bc.o)
 .text.bc_vec_item_rev
                0x0000000000018890       0x1c miscutils/lib.a(bc.o)
 .text.bc_vec_top
                0x00000000000188ac       0x18 miscutils/lib.a(bc.o)
 .text.xc_program_func
                0x00000000000188c4       0x18 miscutils/lib.a(bc.o)
 .text.bc_program_current_func
                0x00000000000188dc       0x20 miscutils/lib.a(bc.o)
 .text.xc_program_str
                0x00000000000188fc       0x4c miscutils/lib.a(bc.o)
 .text.bc_num_one
                0x0000000000018948       0x18 miscutils/lib.a(bc.o)
 .text.bc_num_subArrays
                0x0000000000018960       0x4c miscutils/lib.a(bc.o)
 .text.BC_NUM_MREQ
                0x00000000000189ac       0x2c miscutils/lib.a(bc.o)
 .text.bc_num_cmp
                0x00000000000189d8      0x11c miscutils/lib.a(bc.o)
 .text.bc_num_clean
                0x0000000000018af4       0x3c miscutils/lib.a(bc.o)
 .text.xc_lex_lineComment
                0x0000000000018b30       0x34 miscutils/lib.a(bc.o)
 .text.xc_lex_whitespace
                0x0000000000018b64       0x44 miscutils/lib.a(bc.o)
 .text.parse_lex_by_checking_eq_sign
                0x0000000000018ba8       0x30 miscutils/lib.a(bc.o)
 .text.xc_program_reset
                0x0000000000018bd8       0x4c miscutils/lib.a(bc.o)
 .text.bc_parse_inst_isLeaf
                0x0000000000018c24       0x18 miscutils/lib.a(bc.o)
 .text.rewrite_label_to_current
                0x0000000000018c3c       0x24 miscutils/lib.a(bc.o)
 .text.xc_program_index
                0x0000000000018c60       0x5c miscutils/lib.a(bc.o)
 .text.bc_vec_init
                0x0000000000018cbc       0x28 miscutils/lib.a(bc.o)
 .text.bc_char_vec_init
                0x0000000000018ce4        0xc miscutils/lib.a(bc.o)
 .text.bc_func_init
                0x0000000000018cf0       0x6c miscutils/lib.a(bc.o)
 .text.bc_num_init
                0x0000000000018d5c       0x38 miscutils/lib.a(bc.o)
 .text.bc_num_init_DEF_SIZE
                0x0000000000018d94        0x8 miscutils/lib.a(bc.o)
 .text.bc_num_free
                0x0000000000018d9c        0x8 miscutils/lib.a(bc.o)
 .text.bc_result_free
                0x0000000000018da4       0x30 miscutils/lib.a(bc.o)
 .text.bc_string_free
                0x0000000000018dd4        0x8 miscutils/lib.a(bc.o)
 .text.bc_vec_free
                0x0000000000018ddc       0x18 miscutils/lib.a(bc.o)
 .text.bc_func_free
                0x0000000000018df4       0x30 miscutils/lib.a(bc.o)
 .text.xc_parse_free
                0x0000000000018e24       0x30 miscutils/lib.a(bc.o)
 .text.bc_id_free
                0x0000000000018e54        0x8 miscutils/lib.a(bc.o)
 .text.xc_parse_create
                0x0000000000018e5c       0x78 miscutils/lib.a(bc.o)
 .text.bc_map_find_ge
                0x0000000000018ed4       0x78 miscutils/lib.a(bc.o)
 .text.bc_vec_grow
                0x0000000000018f4c       0x4c miscutils/lib.a(bc.o)
 .text.bc_vec_expand
                0x0000000000018f98       0x40 miscutils/lib.a(bc.o)
 .text.bc_num_expand
                0x0000000000018fd8       0x44 miscutils/lib.a(bc.o)
 .text.bc_num_ulong2num
                0x000000000001901c       0x64 miscutils/lib.a(bc.o)
 .text.bc_num_truncate
                0x0000000000019080       0x30 miscutils/lib.a(bc.o)
 .text.bc_vec_npush
                0x00000000000190b0       0x5c miscutils/lib.a(bc.o)
 .text.bc_vec_push
                0x000000000001910c        0xc miscutils/lib.a(bc.o)
 .text.xc_program_add_fn
                0x0000000000019118       0x6c miscutils/lib.a(bc.o)
 .text.bc_array_expand
                0x0000000000019184       0xc4 miscutils/lib.a(bc.o)
 .text.bc_array_init
                0x0000000000019248       0x38 miscutils/lib.a(bc.o)
 .text.bc_num_extend
                0x0000000000019280       0x74 miscutils/lib.a(bc.o)
 .text.bc_num_retireMul
                0x00000000000192f4       0x58 miscutils/lib.a(bc.o)
 .text.bc_args  0x000000000001934c       0xbc miscutils/lib.a(bc.o)
 .text.bc_verror_msg
                0x0000000000019408       0x84 miscutils/lib.a(bc.o)
 .text.zbc_posix_error_fmt
                0x000000000001948c       0xf0 miscutils/lib.a(bc.o)
 .text.bc_error_fmt
                0x000000000001957c       0xc8 miscutils/lib.a(bc.o)
 .text.bc_error
                0x0000000000019644       0x10 miscutils/lib.a(bc.o)
 .text.zbc_func_insert
                0x0000000000019654       0xf4 miscutils/lib.a(bc.o)
 .text.zbc_num_shift
                0x0000000000019748       0x74 miscutils/lib.a(bc.o)
 .text.bc_error_variable_is_wrong_type
                0x00000000000197bc        0xc miscutils/lib.a(bc.o)
 .text.zbc_num_ulong_abs
                0x00000000000197c8       0x4c miscutils/lib.a(bc.o)
 .text.zbc_num_ulong
                0x0000000000019814       0x18 miscutils/lib.a(bc.o)
 .text.bc_error_stack_has_too_few_elements
                0x000000000001982c        0xc miscutils/lib.a(bc.o)
 .text.bad_input_byte
                0x0000000000019838       0x50 miscutils/lib.a(bc.o)
 .text.bc_error_bad_character
                0x0000000000019888       0x20 miscutils/lib.a(bc.o)
 .text.xc_program_name
                0x00000000000198a8       0x38 miscutils/lib.a(bc.o)
 .text.xc_parse_pushName
                0x00000000000198e0       0x5c miscutils/lib.a(bc.o)
 .text.bc_num_copy
                0x000000000001993c       0x4c miscutils/lib.a(bc.o)
 .text.zbc_num_a
                0x0000000000019988      0x18c miscutils/lib.a(bc.o)
 .text.bc_num_init_and_copy
                0x0000000000019b14       0x2c miscutils/lib.a(bc.o)
 .text.zbc_num_s
                0x0000000000019b40      0x120 miscutils/lib.a(bc.o)
 .text.bc_num_split
                0x0000000000019c60       0x88 miscutils/lib.a(bc.o)
 .text.fflush_and_check
                0x0000000000019ce8       0x44 miscutils/lib.a(bc.o)
 .text.quit     0x0000000000019d2c       0x30 miscutils/lib.a(bc.o)
 .text.bc_error_at
                0x0000000000019d5c       0x60 miscutils/lib.a(bc.o)
 .text.bc_error_bad_expression
                0x0000000000019dbc        0xc miscutils/lib.a(bc.o)
 .text.bc_error_bad_token
                0x0000000000019dc8        0xc miscutils/lib.a(bc.o)
 .text.bc_num_printNewline
                0x0000000000019dd4       0x38 miscutils/lib.a(bc.o)
 .text.bc_num_printHex
                0x0000000000019e0c       0x60 miscutils/lib.a(bc.o)
 .text.bc_num_printDigits
                0x0000000000019e6c       0xc4 miscutils/lib.a(bc.o)
 .text.dc_num_printChar
                0x0000000000019f30       0x2c miscutils/lib.a(bc.o)
 .text.zbc_num_binary
                0x0000000000019f5c      0x100 miscutils/lib.a(bc.o)
 .text.zbc_num_mul
                0x000000000001a05c       0x3c miscutils/lib.a(bc.o)
 .text.zbc_num_sub
                0x000000000001a098       0x50 miscutils/lib.a(bc.o)
 .text.zbc_num_div
                0x000000000001a0e8       0x3c miscutils/lib.a(bc.o)
 .text.zbc_num_mod
                0x000000000001a124       0x3c miscutils/lib.a(bc.o)
 .text.zbc_num_pow
                0x000000000001a160       0x1c miscutils/lib.a(bc.o)
 .text.xc_program_dereference.isra.0
                0x000000000001a17c       0x90 miscutils/lib.a(bc.o)
 .text.bc_vec_pushZeroByte.isra.0
                0x000000000001a20c        0xc miscutils/lib.a(bc.o)
 .text.bc_vec_string
                0x000000000001a218       0x48 miscutils/lib.a(bc.o)
 .text.xc_lex_name
                0x000000000001a260       0x7c miscutils/lib.a(bc.o)
 .text.bc_result_pop_and_push.isra.0
                0x000000000001a2dc       0x54 miscutils/lib.a(bc.o)
 .text.xc_program_binOpRetire
                0x000000000001a330       0x28 miscutils/lib.a(bc.o)
 .text.bc_vec_pushIndex
                0x000000000001a358       0xc4 miscutils/lib.a(bc.o)
 .text.xc_parse_push
                0x000000000001a41c       0x60 miscutils/lib.a(bc.o)
 .text.xc_parse_pushInst_and_Index
                0x000000000001a47c       0x24 miscutils/lib.a(bc.o)
 .text.xc_parse_pushNUM
                0x000000000001a4a0       0x98 miscutils/lib.a(bc.o)
 .text.bc_parse_operator
                0x000000000001a538       0xd8 miscutils/lib.a(bc.o)
 .text.xc_read_line
                0x000000000001a610      0x210 miscutils/lib.a(bc.o)
 .text.peek_inbuf
                0x000000000001a820       0x50 miscutils/lib.a(bc.o)
 .text.eat_inbuf
                0x000000000001a870       0x2c miscutils/lib.a(bc.o)
 .text.zxc_lex_number
                0x000000000001a89c      0x174 miscutils/lib.a(bc.o)
 .text.zbc_num_p
                0x000000000001aa10      0x2f0 miscutils/lib.a(bc.o)
 .text.zbc_num_add
                0x000000000001ad00       0x50 miscutils/lib.a(bc.o)
 .text.zbc_num_k
                0x000000000001ad50      0x434 miscutils/lib.a(bc.o)
 .text.zbc_num_m
                0x000000000001b184      0x180 miscutils/lib.a(bc.o)
 .text.zbc_num_sqrt
                0x000000000001b304      0x31c miscutils/lib.a(bc.o)
 .text.zbc_num_d
                0x000000000001b620      0x2fc miscutils/lib.a(bc.o)
 .text.zbc_num_r
                0x000000000001b91c      0x198 miscutils/lib.a(bc.o)
 .text.zbc_num_rem
                0x000000000001bab4       0xc8 miscutils/lib.a(bc.o)
 .text.zbc_num_divmod
                0x000000000001bb7c      0x108 miscutils/lib.a(bc.o)
 .text.zxc_num_printNum
                0x000000000001bc84      0x2a0 miscutils/lib.a(bc.o)
 .text.bc_map_insert
                0x000000000001bf24       0xc0 miscutils/lib.a(bc.o)
 .text.bc_program_addFunc
                0x000000000001bfe4       0xd0 miscutils/lib.a(bc.o)
 .text.xc_vm_init
                0x000000000001c0b4      0x2f0 miscutils/lib.a(bc.o)
 .text.xc_program_search
                0x000000000001c3a4       0xfc miscutils/lib.a(bc.o)
 .text.xc_program_pushVar
                0x000000000001c4a0      0x118 miscutils/lib.a(bc.o)
 .text.zxc_program_num
                0x000000000001c5b8      0x534 miscutils/lib.a(bc.o)
 .text.zxc_program_binOpPrep
                0x000000000001caec      0x154 miscutils/lib.a(bc.o)
 .text.zxc_program_prep
                0x000000000001cc40       0x84 miscutils/lib.a(bc.o)
 .text.xc_program_print
                0x000000000001ccc4      0x3a8 miscutils/lib.a(bc.o)
 .text.zxc_program_assign
                0x000000000001d06c      0x2b8 miscutils/lib.a(bc.o)
 .text.bc_map_find_exact
                0x000000000001d324       0x5c miscutils/lib.a(bc.o)
 .text.zxc_program_popResultAndCopyToVar
                0x000000000001d380      0x308 miscutils/lib.a(bc.o)
 .text.zxc_lex_next
                0x000000000001d688      0x798 miscutils/lib.a(bc.o)
 .text.zxc_parse_text_init
                0x000000000001de20       0x30 miscutils/lib.a(bc.o)
 .text.zbc_parse_pushSTR
                0x000000000001de50       0x84 miscutils/lib.a(bc.o)
 .text.zdc_parse_register
                0x000000000001ded4       0x4c miscutils/lib.a(bc.o)
 .text.zdc_parse_mem
                0x000000000001df20       0x58 miscutils/lib.a(bc.o)
 .text.zdc_parse_expr
                0x000000000001df78      0x290 miscutils/lib.a(bc.o)
 .text.zdc_parse_exprs_until_eof
                0x000000000001e208       0x24 miscutils/lib.a(bc.o)
 .text.zbc_parse_expr
                0x000000000001e22c      0x78c miscutils/lib.a(bc.o)
 .text.zbc_parse_name
                0x000000000001e9b8      0x268 miscutils/lib.a(bc.o)
 .text.zbc_parse_stmt_possibly_auto
                0x000000000001ec20      0x824 miscutils/lib.a(bc.o)
 .text.zbc_parse_stmt_allow_NLINE_before
                0x000000000001f444       0x70 miscutils/lib.a(bc.o)
 .text.zxc_vm_process
                0x000000000001f4b4     0x16c0 miscutils/lib.a(bc.o)
 .text.zxc_vm_execute_FILE
                0x0000000000020b74       0x58 miscutils/lib.a(bc.o)
 .text.zxc_vm_exec
                0x0000000000020bcc       0xcc miscutils/lib.a(bc.o)
 .text.bc_main  0x0000000000020c98       0x68 miscutils/lib.a(bc.o)
                0x0000000000020c98                bc_main
 .text.dc_main  0x0000000000020d00      0x150 miscutils/lib.a(bc.o)
                0x0000000000020d00                dc_main
 .text.beep_main
                0x0000000000020e50      0x188 miscutils/lib.a(beep.o)
                0x0000000000020e50                beep_main
 .text.signal_handler
                0x0000000000020fd8       0x10 miscutils/lib.a(chat.o)
 .text.unescape
                0x0000000000020fe8       0xf8 miscutils/lib.a(chat.o)
 .text.chat_main
                0x00000000000210e0      0x590 miscutils/lib.a(chat.o)
                0x00000000000210e0                chat_main
 .text.create_cdev_if_doesnt_exist
                0x0000000000021670       0x64 miscutils/lib.a(conspy.o)
 .text.start_shell_in_child
                0x00000000000216d4      0x138 miscutils/lib.a(conspy.o)
 .text.putcsi   0x000000000002180c       0x20 miscutils/lib.a(conspy.o)
 .text.set_cursor
                0x000000000002182c       0x4c miscutils/lib.a(conspy.o)
 .text.gotoxy   0x0000000000021878       0x40 miscutils/lib.a(conspy.o)
 .text.screen_char
                0x00000000000218b8      0x124 miscutils/lib.a(conspy.o)
 .text.screen_dump
                0x00000000000219dc      0x104 miscutils/lib.a(conspy.o)
 .text.cleanup  0x0000000000021ae0       0x5c miscutils/lib.a(conspy.o)
 .text.screen_read_close
                0x0000000000021b3c      0x134 miscutils/lib.a(conspy.o)
 .text.conspy_main
                0x0000000000021c70      0x5b0 miscutils/lib.a(conspy.o)
                0x0000000000021c70                conspy_main
 .text.log8     0x0000000000022220       0xc8 miscutils/lib.a(crond.o)
 .text.reopen_logfile_to_stderr
                0x00000000000222e8       0x38 miscutils/lib.a(crond.o)
 .text.delete_cronfile
                0x0000000000022320       0xc4 miscutils/lib.a(crond.o)
 .text.ParseField
                0x00000000000223e4      0x2c4 miscutils/lib.a(crond.o)
 .text.safe_setenv
                0x00000000000226a8       0x44 miscutils/lib.a(crond.o)
 .text.log7.constprop.0
                0x00000000000226ec       0xd0 miscutils/lib.a(crond.o)
 .text.log5     0x00000000000227bc       0xc8 miscutils/lib.a(crond.o)
 .text.load_crontab
                0x0000000000022884      0x4bc miscutils/lib.a(crond.o)
 .text.rescan_crontab_dir
                0x0000000000022d40       0xa4 miscutils/lib.a(crond.o)
 .text.fork_job
                0x0000000000022de4      0x1f0 miscutils/lib.a(crond.o)
 .text.start_jobs
                0x0000000000022fd4      0x1f8 miscutils/lib.a(crond.o)
 .text.crond_main
                0x00000000000231cc      0x4bc miscutils/lib.a(crond.o)
                0x00000000000231cc                crond_main
 .text.edit_file
                0x0000000000023688       0x9c miscutils/lib.a(crontab.o)
 .text.crontab_main
                0x0000000000023724      0x2d4 miscutils/lib.a(crontab.o)
                0x0000000000023724                crontab_main
 .text.devmem_main
                0x00000000000239f8      0x258 miscutils/lib.a(devmem.o)
                0x00000000000239f8                devmem_main
 .text.fb_pixel_value
                0x0000000000023c50       0x78 miscutils/lib.a(fbsplash.o)
 .text.fb_write_pixel
                0x0000000000023cc8       0x50 miscutils/lib.a(fbsplash.o)
 .text.fb_drawfullrectangle
                0x0000000000023d18       0x7c miscutils/lib.a(fbsplash.o)
 .text.fb_drawprogressbar
                0x0000000000023d94      0x1d0 miscutils/lib.a(fbsplash.o)
 .text.fb_setpal
                0x0000000000023f64       0xc0 miscutils/lib.a(fbsplash.o)
 *fill*         0x0000000000024024        0x4 1f2003d5
 .text.fb_setpal.stub
                0x0000000000024028       0x10 linker stubs
 .text.fbsplash_main
                0x0000000000025028      0x4f4 miscutils/lib.a(fbsplash.o)
                0x0000000000025028                fbsplash_main
 .text.parse_opts
                0x000000000002551c       0x3c miscutils/lib.a(hdparm.o)
 .text.parse_opts_0_1
                0x0000000000025558        0xc miscutils/lib.a(hdparm.o)
 .text.parse_opts_0_INTMAX
                0x0000000000025564        0xc miscutils/lib.a(hdparm.o)
 .text.translate_xfermode
                0x0000000000025570       0x8c miscutils/lib.a(hdparm.o)
 .text.read_big_block
                0x00000000000255fc       0x3c miscutils/lib.a(hdparm.o)
 .text.on_off   0x0000000000025638       0x1c miscutils/lib.a(hdparm.o)
 .text.mode_loop
                0x0000000000025654       0xb4 miscutils/lib.a(hdparm.o)
 .text.xprint_ascii
                0x0000000000025708       0x88 miscutils/lib.a(hdparm.o)
 .text.print_value_on_off
                0x0000000000025790       0x30 miscutils/lib.a(hdparm.o)
 .text.bus_state_value
                0x00000000000257c0       0x4c miscutils/lib.a(hdparm.o)
 .text.identify
                0x000000000002580c     0x1210 miscutils/lib.a(hdparm.o)
 .text.identify_from_stdin
                0x0000000000026a1c       0xa8 miscutils/lib.a(hdparm.o)
 .text.dump_identity
                0x0000000000026ac4      0x4ec miscutils/lib.a(hdparm.o)
 .text.seek_to_zero
                0x0000000000026fb0       0x10 miscutils/lib.a(hdparm.o)
 .text.flush_buffer_cache
                0x0000000000026fc0       0x68 miscutils/lib.a(hdparm.o)
 .text.flush_buffer_cache.stub
                0x0000000000027028       0x10 linker stubs
 .text.do_time  0x0000000000028028      0x1ec miscutils/lib.a(hdparm.o)
 .text.print_flag_on_off.constprop.0
                0x0000000000028214       0x2c miscutils/lib.a(hdparm.o)
 .text.ioctl_alt_func.constprop.0
                0x0000000000028240       0x54 miscutils/lib.a(hdparm.o)
 .text.process_dev
                0x0000000000028294      0xe30 miscutils/lib.a(hdparm.o)
 .text.hdparm_main
                0x00000000000290c4      0x47c miscutils/lib.a(hdparm.o)
                0x00000000000290c4                hdparm_main
 .text.format_line
                0x0000000000029540      0x148 miscutils/lib.a(hexedit.o)
 .text.redraw   0x0000000000029688      0x144 miscutils/lib.a(hexedit.o)
 .text.redraw_cur_line
                0x00000000000297cc       0xac miscutils/lib.a(hexedit.o)
 .text.restore_term
                0x0000000000029878       0x2c miscutils/lib.a(hexedit.o)
 .text.sig_catcher
                0x00000000000298a4       0x34 miscutils/lib.a(hexedit.o)
 .text.remap    0x00000000000298d8       0x90 miscutils/lib.a(hexedit.o)
 .text.move_mapping_further
                0x0000000000029968       0x64 miscutils/lib.a(hexedit.o)
 .text.move_mapping_lower
                0x00000000000299cc       0x54 miscutils/lib.a(hexedit.o)
 .text.hexedit_main
                0x0000000000029a20      0x544 miscutils/lib.a(hexedit.o)
                0x0000000000029a20                hexedit_main
 .text.i2c_bus_lookup
                0x0000000000029f64       0x10 miscutils/lib.a(i2c_tools.o)
 .text.i2c_dev_open
                0x0000000000029f74       0xb0 miscutils/lib.a(i2c_tools.o)
 .text.get_funcs_matrix
                0x000000000002a024       0x14 miscutils/lib.a(i2c_tools.o)
 .text.i2c_set_slave_addr
                0x000000000002a038       0x24 miscutils/lib.a(i2c_tools.o)
 .text.check_funcs_test_end
                0x000000000002a05c       0x40 miscutils/lib.a(i2c_tools.o)
 .text.check_read_funcs
                0x000000000002a09c      0x128 miscutils/lib.a(i2c_tools.o)
 .text.confirm_or_abort
                0x000000000002a1c4       0x38 miscutils/lib.a(i2c_tools.o)
 .text.confirm_action
                0x000000000002a1fc       0x84 miscutils/lib.a(i2c_tools.o)
 .text.i2c_smbus_access
                0x000000000002a280       0x64 miscutils/lib.a(i2c_tools.o)
 .text.i2c_smbus_read_byte
                0x000000000002a2e4       0x60 miscutils/lib.a(i2c_tools.o)
 .text.i2c_smbus_read_word_data
                0x000000000002a344       0x64 miscutils/lib.a(i2c_tools.o)
 .text.i2c_smbus_read_byte_data
                0x000000000002a3a8       0x64 miscutils/lib.a(i2c_tools.o)
 .text.list_i2c_busses_and_exit
                0x000000000002a40c      0x258 miscutils/lib.a(i2c_tools.o)
 .text.i2cget_main
                0x000000000002a664      0x204 miscutils/lib.a(i2c_tools.o)
                0x000000000002a664                i2cget_main
 .text.i2cset_main
                0x000000000002a868      0x57c miscutils/lib.a(i2c_tools.o)
                0x000000000002a868                i2cset_main
 .text.i2cdump_main
                0x000000000002ade4      0x744 miscutils/lib.a(i2c_tools.o)
                0x000000000002ade4                i2cdump_main
 .text.i2cdetect_main
                0x000000000002b528      0x378 miscutils/lib.a(i2c_tools.o)
                0x000000000002b528                i2cdetect_main
 .text.i2ctransfer_main
                0x000000000002b8a0      0x3b0 miscutils/lib.a(i2c_tools.o)
                0x000000000002b8a0                i2ctransfer_main
 .text.at_end   0x000000000002bc50       0x5c miscutils/lib.a(less.o)
 .text.safe_lineno
                0x000000000002bcac       0x38 miscutils/lib.a(less.o)
 .text.opp_bracket
                0x000000000002bce4       0x70 miscutils/lib.a(less.o)
 .text.sigwinch_handler
                0x000000000002bd54       0x18 miscutils/lib.a(less.o)
 .text.set_tty_cooked
                0x000000000002bd6c       0x24 miscutils/lib.a(less.o)
 .text.clear_line
                0x000000000002bd90       0x20 miscutils/lib.a(less.o)
 .text.restore_tty
                0x000000000002bdb0       0x28 miscutils/lib.a(less.o)
 .text.sig_catcher
                0x000000000002bdd8       0x14 miscutils/lib.a(less.o)
 .text.print_statusline
                0x000000000002bdec       0x34 miscutils/lib.a(less.o)
 .text.fill_match_lines
                0x000000000002be20       0xa4 miscutils/lib.a(less.o)
 .text.read_lines
                0x000000000002bec4      0x3a0 miscutils/lib.a(less.o)
 .text.goto_lineno
                0x000000000002c264       0xac miscutils/lib.a(less.o)
 .text.cap_cur_fline
                0x000000000002c310       0x8c miscutils/lib.a(less.o)
 .text.re_wrap  0x000000000002c39c      0x238 miscutils/lib.a(less.o)
 .text.less_exit
                0x000000000002c5d4        0xc miscutils/lib.a(less.o)
 .text.update_num_lines
                0x000000000002c5e0      0x140 miscutils/lib.a(less.o)
 .text.m_status_print
                0x000000000002c720      0x168 miscutils/lib.a(less.o)
 .text.status_print
                0x000000000002c888       0x9c miscutils/lib.a(less.o)
 .text.buffer_print
                0x000000000002c924      0x45c miscutils/lib.a(less.o)
 .text.buffer_fill_and_print
                0x000000000002cd80       0xcc miscutils/lib.a(less.o)
 .text.reinitialize
                0x000000000002ce4c       0xc4 miscutils/lib.a(less.o)
 .text.change_file
                0x000000000002cf10       0x80 miscutils/lib.a(less.o)
 .text.buffer_down
                0x000000000002cf90       0x4c miscutils/lib.a(less.o)
 .text.buffer_up
                0x000000000002cfdc       0x4c miscutils/lib.a(less.o)
 .text.buffer_to_line
                0x000000000002d028       0x48 miscutils/lib.a(less.o)
 .text.goto_match
                0x000000000002d070       0x98 miscutils/lib.a(less.o)
 .text.getch_nowait
                0x000000000002d108      0x178 miscutils/lib.a(less.o)
 .text.less_getch
                0x000000000002d280       0x44 miscutils/lib.a(less.o)
 .text.less_gets
                0x000000000002d2c4       0xe4 miscutils/lib.a(less.o)
 .text.examine_file
                0x000000000002d3a8       0x88 miscutils/lib.a(less.o)
 .text.regex_process
                0x000000000002d430      0x134 miscutils/lib.a(less.o)
 .text.less_main
                0x000000000002d564      0xac4 miscutils/lib.a(less.o)
                0x000000000002d564                less_main
 .text.get_line
                0x000000000002e028       0x44 miscutils/lib.a(lsscsi.o)
 .text.lsscsi_main
                0x000000000002e06c      0x1dc miscutils/lib.a(lsscsi.o)
                0x000000000002e06c                lsscsi_main
 .text.makedevs_main
                0x000000000002e248      0x474 miscutils/lib.a(makedevs.o)
                0x000000000002e248                makedevs_main
 .text.if_redefined
                0x000000000002e6bc       0x68 miscutils/lib.a(man.o)
 .text.add_MANPATH
                0x000000000002e724       0xd0 miscutils/lib.a(man.o)
 .text.is_section_name
                0x000000000002e7f4       0x44 miscutils/lib.a(man.o)
 .text.show_manpage
                0x000000000002e838      0x100 miscutils/lib.a(man.o)
 .text.run_pipe
                0x000000000002e938      0x1e4 miscutils/lib.a(man.o)
 .text.man_main
                0x000000000002eb1c      0x47c miscutils/lib.a(man.o)
                0x000000000002eb1c                man_main
 .text.microcom_main
                0x000000000002ef98      0x34c miscutils/lib.a(microcom.o)
                0x000000000002ef98                microcom_main
 *fill*         0x000000000002f2e4        0x4 1f2003d5
 .text.microcom_main.stub
                0x000000000002f2e8       0x10 linker stubs
 .text.mt_main  0x00000000000302e8      0x158 miscutils/lib.a(mt.o)
                0x00000000000302e8                mt_main
 .text.next_good_eraseblock
                0x0000000000030440      0x104 miscutils/lib.a(nandwrite.o)
 .text.dump_bad
                0x0000000000030544      0x110 miscutils/lib.a(nandwrite.o)
 .text.nandwrite_main
                0x0000000000030654      0x50c miscutils/lib.a(nandwrite.o)
                0x0000000000030654                nandwrite_main
 .text.partprobe_main
                0x0000000000030b60       0x74 miscutils/lib.a(partprobe.o)
                0x0000000000030b60                partprobe_main
 .text.raidautorun_main
                0x0000000000030bd4       0x34 miscutils/lib.a(raidautorun.o)
                0x0000000000030bd4                raidautorun_main
 .text.readahead_main
                0x0000000000030c08       0x98 miscutils/lib.a(readahead.o)
                0x0000000000030c08                readahead_main
 .text.runlevel_main
                0x0000000000030ca0       0x80 miscutils/lib.a(runlevel.o)
                0x0000000000030ca0                runlevel_main
 .text.sigalrm_handler
                0x0000000000030d20        0x4 miscutils/lib.a(rx.o)
 .text.read_byte
                0x0000000000030d24       0x78 miscutils/lib.a(rx.o)
 .text.rx_main  0x0000000000030d9c      0x3f0 miscutils/lib.a(rx.o)
                0x0000000000030d9c                rx_main
 .text.seedrng_main
                0x000000000003118c      0x408 miscutils/lib.a(seedrng.o)
                0x000000000003118c                seedrng_main
 .text.setfattr_main
                0x0000000000031594      0x134 miscutils/lib.a(setfattr.o)
                0x0000000000031594                setfattr_main
 .text.index_in_strings_case_insensitive
                0x00000000000316c8       0x58 miscutils/lib.a(setserial.o)
 .text.get_numeric
                0x0000000000031720       0x18 miscutils/lib.a(setserial.o)
 .text.setserial_main
                0x0000000000031738      0x658 miscutils/lib.a(setserial.o)
                0x0000000000031738                setserial_main
 .text.strings_main
                0x0000000000031d90      0x208 miscutils/lib.a(strings.o)
                0x0000000000031d90                strings_main
 .text.ptok     0x0000000000031f98       0x28 miscutils/lib.a(time.o)
 .text.run_command
                0x0000000000031fc0       0xf4 miscutils/lib.a(time.o)
 .text.time_main
                0x00000000000320b4      0x49c miscutils/lib.a(time.o)
                0x00000000000320b4                time_main
 .text.tree_print
                0x0000000000032550      0x238 miscutils/lib.a(tree.o)
 .text.tree_main
                0x0000000000032788       0xb0 miscutils/lib.a(tree.o)
                0x0000000000032788                tree_main
 .text.ts_main  0x0000000000032838      0x1fc miscutils/lib.a(ts.o)
                0x0000000000032838                ts_main
 .text.ttysize_main
                0x0000000000032a34      0x128 miscutils/lib.a(ttysize.o)
                0x0000000000032a34                ttysize_main
 .text.get_num_from_file
                0x0000000000032b5c       0xbc miscutils/lib.a(ubi_tools.o)
 .text.ubi_tools_main
                0x0000000000032c18      0x514 miscutils/lib.a(ubi_tools.o)
                0x0000000000032c18                ubi_tools_main
 .text.ubirename_main
                0x000000000003312c      0x11c miscutils/lib.a(ubirename.o)
                0x000000000003312c                ubirename_main
 .text.volname_main
                0x0000000000033248       0xb0 miscutils/lib.a(volname.o)
                0x0000000000033248                volname_main
 .text.shutdown_on_signal
                0x00000000000332f8       0x30 miscutils/lib.a(watchdog.o)
 .text.watchdog_main
                0x0000000000033328      0x144 miscutils/lib.a(watchdog.o)
                0x0000000000033328                watchdog_main
 .text.display  0x000000000003346c       0x80 modutils/lib.a(modinfo.o)
 .text.modinfo  0x00000000000334ec      0x214 modutils/lib.a(modinfo.o)
 .text.modinfo_main
                0x0000000000033700      0x1a8 modutils/lib.a(modinfo.o)
                0x0000000000033700                modinfo_main
 .text.replace  0x00000000000338a8       0x28 modutils/lib.a(modprobe-small.o)
 .text.moderror
                0x00000000000338d0       0x5c modutils/lib.a(modprobe-small.o)
 .text.load_dep_bb
                0x000000000003392c      0x120 modutils/lib.a(modprobe-small.o)
 .text.find_keyword
                0x0000000000033a4c       0x84 modutils/lib.a(modprobe-small.o)
 .text.copy_stringbuf
                0x0000000000033ad0       0x28 modutils/lib.a(modprobe-small.o)
 .text.append   0x0000000000033af8       0x74 modutils/lib.a(modprobe-small.o)
 .text.str_2_list
                0x0000000000033b6c       0x58 modutils/lib.a(modprobe-small.o)
 .text.load_module
                0x0000000000033bc4       0xf4 modutils/lib.a(modprobe-small.o)
 .text.filename2modname.isra.0
                0x0000000000033cb8       0x44 modutils/lib.a(modprobe-small.o)
 .text.rmmod    0x0000000000033cfc       0x90 modutils/lib.a(modprobe-small.o)
 .text.parse_module
                0x0000000000033d8c      0x240 modutils/lib.a(modprobe-small.o)
 .text.find_alias
                0x0000000000033fcc      0x324 modutils/lib.a(modprobe-small.o)
 .text.process_module
                0x00000000000342f0      0x348 modutils/lib.a(modprobe-small.o)
 .text.fileAction
                0x0000000000034638      0x12c modutils/lib.a(modprobe-small.o)
 .text.lsmod_main
                0x0000000000034764       0x20 modutils/lib.a(modprobe-small.o)
                0x0000000000034764                lsmod_main
 .text.modprobe_main
                0x0000000000034784      0x284 modutils/lib.a(modprobe-small.o)
                0x0000000000034784                modprobe_main
 .text.filename2modname
                0x0000000000034a08       0xb4 modutils/lib.a(modutils.o)
                0x0000000000034a08                filename2modname
 .text.arp_show
                0x0000000000034abc      0x32c networking/lib.a(arp.o)
 .text.arp_main
                0x0000000000034de8      0x5c8 networking/lib.a(arp.o)
                0x0000000000034de8                arp_main
 .text.finish   0x00000000000353b0       0x70 networking/lib.a(arping.o)
 .text.catcher  0x0000000000035420      0x1ac networking/lib.a(arping.o)
 .text.arping_main
                0x00000000000355cc      0x6ec networking/lib.a(arping.o)
                0x00000000000355cc                arping_main
 .text.read_file
                0x0000000000035cb8       0x54 networking/lib.a(brctl.o)
 .text.compare_fdbs
                0x0000000000035d0c        0x8 networking/lib.a(brctl.o)
 .text.printf_xstrtou
                0x0000000000035d14       0x2c networking/lib.a(brctl.o)
 .text.show_bridge_timer
                0x0000000000035d40       0x3c networking/lib.a(brctl.o)
 .text.write_uint
                0x0000000000035d7c       0xd4 networking/lib.a(brctl.o)
 .text.show_bridge_port
                0x0000000000035e50      0x39c networking/lib.a(brctl.o)
 .text.show_bridge
                0x00000000000361ec      0x210 networking/lib.a(brctl.o)
 .text.brctl_main
                0x00000000000363fc      0x7f8 networking/lib.a(brctl.o)
                0x00000000000363fc                brctl_main
 .text.undot    0x0000000000036bf4       0x4c networking/lib.a(dnsd.o)
 .text.dnsd_main
                0x0000000000036c40      0x618 networking/lib.a(dnsd.o)
                0x0000000000036c40                dnsd_main
 .text.ether_wake_main
                0x0000000000037258      0x324 networking/lib.a(ether-wake.o)
                0x0000000000037258                ether_wake_main
 .text.verbose_log
                0x000000000003757c       0x2c networking/lib.a(ftpd.o)
 .text.cmdio_get_cmd_and_arg
                0x00000000000375a8      0x1a0 networking/lib.a(ftpd.o)
 .text.cmdio_write_ok
                0x0000000000037748       0x50 networking/lib.a(ftpd.o)
 .text.cmdio_write_error
                0x0000000000037798       0x4c networking/lib.a(ftpd.o)
 .text.escape_text
                0x00000000000377e4       0xbc networking/lib.a(ftpd.o)
 .text.cmdio_write
                0x00000000000378a0       0x84 networking/lib.a(ftpd.o)
 .text.handle_cwd
                0x0000000000037924       0x48 networking/lib.a(ftpd.o)
 .text.port_pasv_cleanup
                0x000000000003796c       0x38 networking/lib.a(ftpd.o)
 .text.get_remote_transfer_fd
                0x00000000000379a4       0x88 networking/lib.a(ftpd.o)
 .text.bind_for_passive_mode
                0x0000000000037a2c       0x90 networking/lib.a(ftpd.o)
 .text.cmdio_write_raw
                0x0000000000037abc       0x3c networking/lib.a(ftpd.o)
 .text.timeout_handler
                0x0000000000037af8       0x7c networking/lib.a(ftpd.o)
 .text.port_or_pasv_was_seen
                0x0000000000037b74       0x40 networking/lib.a(ftpd.o)
 .text.handle_upload_common
                0x0000000000037bb4      0x198 networking/lib.a(ftpd.o)
 .text.handle_dir_common
                0x0000000000037d4c      0x224 networking/lib.a(ftpd.o)
 .text.ftpd_main
                0x0000000000037f70      0xa1c networking/lib.a(ftpd.o)
                0x0000000000037f70                ftpd_main
 .text.ftp_die  0x000000000003898c       0x60 networking/lib.a(ftpgetput.o)
 .text.ftpcmd   0x00000000000389ec       0xd8 networking/lib.a(ftpgetput.o)
 .text.xconnect_ftpdata
                0x0000000000038ac4       0x74 networking/lib.a(ftpgetput.o)
 .text.pump_data_and_QUIT
                0x0000000000038b38       0x70 networking/lib.a(ftpgetput.o)
 .text.ftp_receive
                0x0000000000038ba8      0x178 networking/lib.a(ftpgetput.o)
 .text.ftp_send
                0x0000000000038d20       0x88 networking/lib.a(ftpgetput.o)
 .text.ftpgetput_main
                0x0000000000038da8      0x1e4 networking/lib.a(ftpgetput.o)
                0x0000000000038da8                ftpgetput_main
 .text.do_sethostname
                0x0000000000038f8c       0x94 networking/lib.a(hostname.o)
 .text.hostname_main
                0x0000000000039020      0x19c networking/lib.a(hostname.o)
                0x0000000000039020                hostname_main
 .text.scan_ip  0x00000000000391bc       0xd0 networking/lib.a(httpd.o)
 .text.free_llist
                0x000000000003928c       0x34 networking/lib.a(httpd.o)
 .text.parse_conf